 PhysXCooking_64

 Timestamp is 651a79ca (Mon Oct  2 11:05:30 2023)

 Preferred load address is 0000000180000000

 Start         Length     Name                   Class
 0001:00000000 00000060H .text$di                CODE
 0001:00000060 0001eaf0H .text$mn                CODE
 0001:0001eb50 00000040H .text$mn$00             CODE
 0001:0001eb90 00000680H .text$x                 CODE
 0002:00000000 00000280H .idata$5                DATA
 0002:00000280 00000038H .00cfg                  DATA
 0002:000002b8 00000008H .CRT$XCA                DATA
 0002:000002c0 00000030H .CRT$XCU                DATA
 0002:000002f0 00000008H .CRT$XCZ                DATA
 0002:000002f8 00000008H .CRT$XIA                DATA
 0002:00000300 00000018H .CRT$XIC                DATA
 0002:00000318 00000008H .CRT$XIZ                DATA
 0002:00000320 00000008H .CRT$XPA                DATA
 0002:00000328 00000010H .CRT$XPX                DATA
 0002:00000338 00000008H .CRT$XPXA               DATA
 0002:00000340 00000008H .CRT$XPZ                DATA
 0002:00000348 00000008H .CRT$XTA                DATA
 0002:00000350 00000010H .CRT$XTZ                DATA
 0002:00000358 00000000H .gehcont$y              DATA
 0002:00000358 00000000H .gfids$y                DATA
 0002:00000360 00008da0H .rdata                  DATA
 0002:00009100 00000000H .rdata$CastGuardVftablesA DATA
 0002:00009100 00000000H .rdata$CastGuardVftablesC DATA
 0002:00009100 0000043cH .rdata$r                DATA
 0002:0000953c 00000154H .rdata$voltmd           DATA
 0002:00009690 00000438H .rdata$zzzdbg           DATA
 0002:00009ac8 00000008H .rtc$IAA                DATA
 0002:00009ad0 00000008H .rtc$IZZ                DATA
 0002:00009ad8 00000008H .rtc$TAA                DATA
 0002:00009ae0 00000008H .rtc$TZZ                DATA
 0002:00009ae8 00001610H .xdata                  DATA
 0002:0000b0f8 00000084H .xdata$x                DATA
 0002:0000b17c 00000040H .didat$2                DATA
 0002:0000b1bc 00000024H .didat$3                DATA
 0002:0000b1e0 000000d8H .didat$4                DATA
 0002:0000b2b8 00000280H .didat$6                DATA
 0002:0000b538 000000d8H .didat$7                DATA
 0002:0000b610 00000b04H .edata                  DATA
 0002:0000c114 00000014H .idata$2                DATA
 0002:0000c128 00000018H .idata$3                DATA
 0002:0000c140 00000280H .idata$4                DATA
 0002:0000c3c0 000005baH .idata$6                DATA
 0003:00000000 00000a00H .data                   DATA
 0003:00000a00 000000e0H .data$r                 DATA
 0003:00000ae0 000000f0H .data$rs                DATA
 0003:00000bd0 000000e0H .didat$5                DATA
 0003:00000cb0 00001260H .bss                    DATA
 0004:00000000 000018e4H .pdata                  DATA
 0005:00000000 0000015cH _RDATA                  DATA
 0006:00000000 000000a0H .rsrc$01                DATA
 0006:000000a0 000004b0H .rsrc$02                DATA

  Address         Publics by Value              Rva+Base               Lib:Object

 0000:00000000       __AbsoluteZero             0000000000000000     <absolute>
 0000:00000000       ___safe_se_handler_count   0000000000000000     <absolute>
 0000:00000000       ___safe_se_handler_table   0000000000000000     <absolute>
 0000:00000000       __arm64x_extra_rfe_table   0000000000000000     <absolute>
 0000:00000000       __arm64x_extra_rfe_table_size 0000000000000000     <absolute>
 0000:00000000       __arm64x_native_entrypoint 0000000000000000     <absolute>
 0000:00000000       __arm64x_redirection_metadata 0000000000000000     <absolute>
 0000:00000000       __arm64x_redirection_metadata_count 0000000000000000     <absolute>
 0000:00000000       __dynamic_value_reloc_table 0000000000000000     <absolute>
 0000:00000000       __enclave_config           0000000000000000     <absolute>
 0000:00000000       __guard_check_icall_a64n_fptr 0000000000000000     <absolute>
 0000:00000000       __guard_eh_cont_count      0000000000000000     <absolute>
 0000:00000000       __guard_eh_cont_table      0000000000000000     <absolute>
 0000:00000000       __guard_fids_count         0000000000000000     <absolute>
 0000:00000000       __guard_fids_table         0000000000000000     <absolute>
 0000:00000000       __guard_iat_count          0000000000000000     <absolute>
 0000:00000000       __guard_iat_table          0000000000000000     <absolute>
 0000:00000000       __guard_longjmp_count      0000000000000000     <absolute>
 0000:00000000       __guard_longjmp_table      0000000000000000     <absolute>
 0000:00000000       __hybrid_auxiliary_iat     0000000000000000     <absolute>
 0000:00000000       __hybrid_auxiliary_iat_copy 0000000000000000     <absolute>
 0000:00000000       __hybrid_code_map          0000000000000000     <absolute>
 0000:00000000       __hybrid_code_map_count    0000000000000000     <absolute>
 0000:00000000       __x64_code_ranges_to_entry_points 0000000000000000     <absolute>
 0000:00000000       __x64_code_ranges_to_entry_points_count 0000000000000000     <absolute>
 0000:00000100       __guard_flags              0000000000000100     <absolute>
 0000:00000000       __ImageBase                0000000180000000     <linker-defined>
 0001:00000060       ??$copy@V?$PxReflectionAllocator@USlab@NodeAllocator@Gu@physx@@@physx@@@?$PxArray@USlab@NodeAllocator@Gu@physx@@V?$PxReflectionAllocator@USlab@NodeAllocator@Gu@physx@@@4@@physx@@IEAAXAEBV01@@Z 0000000180001060 f i Cooking.obj
 0001:000000e0       ??0AABBTreeBounds@Gu@physx@@QEAA@XZ 00000001800010e0 f i Cooking.obj
 0001:000000f0       ??0AABBTreeBuildNode@Gu@physx@@QEAA@AEBV012@@Z 00000001800010f0 f i Cooking.obj
 0001:000000f0       ??4AABBTreeBuildNode@Gu@physx@@QEAAAEAV012@AEBV012@@Z 00000001800010f0 f i Cooking.obj
 0001:00000130       ??$forward@_K@std@@YA$$QEA_KAEA_K@Z 0000000180001130 f i libvcruntime:undname.obj
 0001:00000130       ??0AABBTreeBuildNode@Gu@physx@@QEAA@XZ 0000000180001130 f i Cooking.obj
 0001:00000130       ??4PxFoundation@physx@@QEAAAEAV01@AEBV01@@Z 0000000180001130 f i Cooking.obj
 0001:00000130       ?getAABB@AABBTreeBuildNode@Gu@physx@@QEBAAEBVPxBounds3@3@XZ 0000000180001130 f i Cooking.obj
 0001:00000140       ??0AABBTreeBuildParams@Gu@physx@@QEAA@IIPEBVAABBTreeBounds@12@W4BVHBuildStrategy@12@@Z 0000000180001140 f i Cooking.obj
 0001:00000160       ??0NodeAllocator@Gu@physx@@QEAA@AEBV012@@Z 0000000180001160 f i Cooking.obj
 0001:000001a0       ??0PxFoundation@physx@@QEAA@AEBV01@@Z 00000001800011a0 f i Cooking.obj
 0001:000001a0       ??0PxFoundation@physx@@QEAA@XZ 00000001800011a0 f i Cooking.obj
 0001:000001b0       ??1AABBTreeBounds@Gu@physx@@QEAA@XZ 00000001800011b0 f i Cooking.obj
 0001:000001c0       ??1AABBTreeBuildNode@Gu@physx@@QEAA@XZ 00000001800011c0 f i Cooking.obj
 0001:000001c0       _guard_check_icall_nop     00000001800011c0 f i LIBCMT:guard_support.obj
 0001:000001d0       ??1AABBTreeBuildParams@Gu@physx@@QEAA@XZ 00000001800011d0 f i Cooking.obj
 0001:000001d0       ?reset@AABBTreeBuildParams@Gu@physx@@QEAAXXZ 00000001800011d0 f i Cooking.obj
 0001:00000220       ??1PxFoundation@physx@@MEAA@XZ 0000000180001220 f i Cooking.obj
 0001:00000230       ??4AABBTreeBounds@Gu@physx@@QEAAAEAV012@AEBV012@@Z 0000000180001230 f i Cooking.obj
 0001:00000240       ??4AABBTreeBuildParams@Gu@physx@@QEAAAEAV012@AEBV012@@Z 0000000180001240 f i Cooking.obj
 0001:00000260       ??4NodeAllocator@Gu@physx@@QEAAAEAV012@AEBV012@@Z 0000000180001260 f i Cooking.obj
 0001:00000310       ??_EPxFoundation@physx@@MEAAPEAXI@Z 0000000180001310 f i Cooking.obj
 0001:000003a0       ??_FAABBTreeBuildParams@Gu@physx@@QEAAXXZ 00000001800013a0 f i Cooking.obj
 0001:000003c0       ?allocate@?$PxArray@USlab@NodeAllocator@Gu@physx@@V?$PxReflectionAllocator@USlab@NodeAllocator@Gu@physx@@@4@@physx@@IEAAPEAUSlab@NodeAllocator@Gu@2@I@Z 00000001800013c0 f i Cooking.obj
 0001:00000450       ?getBounds@AABBTreeBounds@Gu@physx@@QEAAPEAVPxBounds3@3@XZ 0000000180001450 f i Cooking.obj
 0001:00000450       ?getBounds@AABBTreeBounds@Gu@physx@@QEBAPEBVPxBounds3@3@XZ 0000000180001450 f i Cooking.obj
 0001:00000460       ?getNbPrimitives@AABBTreeBuildNode@Gu@physx@@QEBAIXZ 0000000180001460 f i Cooking.obj
 0001:00000460       ?getNbRuntimePrimitives@AABBTreeBuildNode@Gu@physx@@QEBAIXZ 0000000180001460 f i Cooking.obj
 0001:00000470       ?getNeg@AABBTreeBuildNode@Gu@physx@@QEBAPEBV123@XZ 0000000180001470 f i Cooking.obj
 0001:00000490       ?getPos@AABBTreeBuildNode@Gu@physx@@QEBAPEBV123@XZ 0000000180001490 f i Cooking.obj
 0001:000004a0       ?getPrimitives@AABBTreeBuildNode@Gu@physx@@QEAAPEAIPEAI@Z 00000001800014a0 f i Cooking.obj
 0001:000004a0       ?getPrimitives@AABBTreeBuildNode@Gu@physx@@QEBAPEBIPEBI@Z 00000001800014a0 f i Cooking.obj
 0001:000004b0       ?isLeaf@AABBTreeBuildNode@Gu@physx@@QEBA_NXZ 00000001800014b0 f i Cooking.obj
 0001:000004c0       ?moveFrom@AABBTreeBounds@Gu@physx@@QEAAXAEAV123@@Z 00000001800014c0 f i Cooking.obj
 0001:000004d0       ?ownsMemory@AABBTreeBounds@Gu@physx@@QEBA_NXZ 00000001800014d0 f i Cooking.obj
 0001:000004e0       ?recreate@?$PxArray@USlab@NodeAllocator@Gu@physx@@V?$PxReflectionAllocator@USlab@NodeAllocator@Gu@physx@@@4@@physx@@IEAAXI@Z 00000001800014e0 f i Cooking.obj
 0001:00000590       ?setBounds@AABBTreeBounds@Gu@physx@@QEAAXPEAVPxBounds3@3@@Z 0000000180001590 f i Cooking.obj
 0001:000005a0       ?setNbRunTimePrimitives@AABBTreeBuildNode@Gu@physx@@QEAAXI@Z 00000001800015a0 f i Cooking.obj
 0001:000005b0       ?takeOwnership@AABBTreeBounds@Gu@physx@@QEAAXXZ 00000001800015b0 f i Cooking.obj
 0001:000005c0       PxAssembleSoftBodyMesh     00000001800015c0 f   Cooking.obj
 0001:000005d0       PxAssembleSoftBodyMesh_Sim 00000001800015d0 f   Cooking.obj
 0001:000005e0       PxComputeCollisionData     00000001800015e0 f   Cooking.obj
 0001:000005f0       PxComputeHullPolygons      00000001800015f0 f   Cooking.obj
 0001:00000600       PxComputeModelsMapping     0000000180001600 f   Cooking.obj
 0001:00000610       PxComputeSimulationData    0000000180001610 f   Cooking.obj
 0001:00000620       PxCookBVH                  0000000180001620 f   Cooking.obj
 0001:00000630       PxCookConvexMesh           0000000180001630 f   Cooking.obj
 0001:00000640       PxCookHeightField          0000000180001640 f   Cooking.obj
 0001:00000650       PxCookSoftBodyMesh         0000000180001650 f   Cooking.obj
 0001:00000660       PxCookTetrahedronMesh      0000000180001660 f   Cooking.obj
 0001:00000670       PxCookTriangleMesh         0000000180001670 f   Cooking.obj
 0001:00000680       PxCreateBVH                0000000180001680 f   Cooking.obj
 0001:00000690       PxCreateBVHInternal        0000000180001690 f   Cooking.obj
 0001:00000720       PxCreateConvexMesh         0000000180001720 f   Cooking.obj
 0001:00000730       PxCreateHeightField        0000000180001730 f   Cooking.obj
 0001:00000740       PxCreateSoftBodyMesh       0000000180001740 f   Cooking.obj
 0001:00000750       PxCreateTetrahedronMesh    0000000180001750 f   Cooking.obj
 0001:00000760       PxCreateTriangleMesh       0000000180001760 f   Cooking.obj
 0001:00000770       PxCreateTriangleMeshInternal 0000000180001770 f   Cooking.obj
 0001:00000800       PxGetStandaloneInsertionCallback 0000000180001800 f   Cooking.obj
 0001:00000810       PxValidateConvexMesh       0000000180001810 f   Cooking.obj
 0001:00000820       PxValidateTriangleMesh     0000000180001820 f   Cooking.obj
 0001:00000830       ?cookingDelayHook@@YAP6A_JXZIPEAUDelayLoadInfo@@@Z 0000000180001830 f   WindowsCookingDelayLoadHook.obj
 0001:00000910       PxSetPhysXCookingDelayLoadHook 0000000180001910 f   WindowsCookingDelayLoadHook.obj
 0001:00000918       __imp_load_getInsertionCallback 0000000180001918 f   PhysXCommon_64:PhysXCommon_64.dll
 0001:00000924       getInsertionCallback       0000000180001924 f   PhysXCommon_64:PhysXCommon_64.dll
 0001:0000092a       __tailMerge_physxcommon_64_dll 000000018000192a     PhysXCommon_64:PhysXCommon_64.dll
 0001:000009a3       __imp_load_cookBVH         00000001800019a3 f   PhysXCommon_64:PhysXCommon_64.dll
 0001:000009af       cookBVH                    00000001800019af f   PhysXCommon_64:PhysXCommon_64.dll
 0001:000009b5       __imp_load_createBVH       00000001800019b5 f   PhysXCommon_64:PhysXCommon_64.dll
 0001:000009c1       createBVH                  00000001800019c1 f   PhysXCommon_64:PhysXCommon_64.dll
 0001:000009c7       __imp_load_cookHeightField 00000001800019c7 f   PhysXCommon_64:PhysXCommon_64.dll
 0001:000009d3       cookHeightField            00000001800019d3 f   PhysXCommon_64:PhysXCommon_64.dll
 0001:000009d9       __imp_load_createHeightField 00000001800019d9 f   PhysXCommon_64:PhysXCommon_64.dll
 0001:000009e5       createHeightField          00000001800019e5 f   PhysXCommon_64:PhysXCommon_64.dll
 0001:000009eb       __imp_load_cookConvexMesh  00000001800019eb f   PhysXCommon_64:PhysXCommon_64.dll
 0001:000009f7       cookConvexMesh             00000001800019f7 f   PhysXCommon_64:PhysXCommon_64.dll
 0001:000009fd       __imp_load_createConvexMesh 00000001800019fd f   PhysXCommon_64:PhysXCommon_64.dll
 0001:00000a09       createConvexMesh           0000000180001a09 f   PhysXCommon_64:PhysXCommon_64.dll
 0001:00000a0f       __imp_load_validateConvexMesh 0000000180001a0f f   PhysXCommon_64:PhysXCommon_64.dll
 0001:00000a1b       validateConvexMesh         0000000180001a1b f   PhysXCommon_64:PhysXCommon_64.dll
 0001:00000a21       __imp_load_computeHullPolygons 0000000180001a21 f   PhysXCommon_64:PhysXCommon_64.dll
 0001:00000a2d       computeHullPolygons        0000000180001a2d f   PhysXCommon_64:PhysXCommon_64.dll
 0001:00000a33       __imp_load_validateTriangleMesh 0000000180001a33 f   PhysXCommon_64:PhysXCommon_64.dll
 0001:00000a3f       validateTriangleMesh       0000000180001a3f f   PhysXCommon_64:PhysXCommon_64.dll
 0001:00000a45       __imp_load_createTriangleMesh 0000000180001a45 f   PhysXCommon_64:PhysXCommon_64.dll
 0001:00000a51       createTriangleMesh         0000000180001a51 f   PhysXCommon_64:PhysXCommon_64.dll
 0001:00000a57       __imp_load_cookTriangleMesh 0000000180001a57 f   PhysXCommon_64:PhysXCommon_64.dll
 0001:00000a63       cookTriangleMesh           0000000180001a63 f   PhysXCommon_64:PhysXCommon_64.dll
 0001:00000a69       __imp_load_cookTetrahedronMesh 0000000180001a69 f   PhysXCommon_64:PhysXCommon_64.dll
 0001:00000a75       cookTetrahedronMesh        0000000180001a75 f   PhysXCommon_64:PhysXCommon_64.dll
 0001:00000a7b       __imp_load_createTetrahedronMesh 0000000180001a7b f   PhysXCommon_64:PhysXCommon_64.dll
 0001:00000a87       createTetrahedronMesh      0000000180001a87 f   PhysXCommon_64:PhysXCommon_64.dll
 0001:00000a8d       __imp_load_cookSoftBodyMesh 0000000180001a8d f   PhysXCommon_64:PhysXCommon_64.dll
 0001:00000a99       cookSoftBodyMesh           0000000180001a99 f   PhysXCommon_64:PhysXCommon_64.dll
 0001:00000a9f       __imp_load_createSoftBodyMesh 0000000180001a9f f   PhysXCommon_64:PhysXCommon_64.dll
 0001:00000aab       createSoftBodyMesh         0000000180001aab f   PhysXCommon_64:PhysXCommon_64.dll
 0001:00000ab1       __imp_load_computeModelsMapping 0000000180001ab1 f   PhysXCommon_64:PhysXCommon_64.dll
 0001:00000abd       computeModelsMapping       0000000180001abd f   PhysXCommon_64:PhysXCommon_64.dll
 0001:00000ac3       __imp_load_computeCollisionData 0000000180001ac3 f   PhysXCommon_64:PhysXCommon_64.dll
 0001:00000acf       computeCollisionData       0000000180001acf f   PhysXCommon_64:PhysXCommon_64.dll
 0001:00000ad5       __imp_load_computeSimulationData 0000000180001ad5 f   PhysXCommon_64:PhysXCommon_64.dll
 0001:00000ae1       computeSimulationData      0000000180001ae1 f   PhysXCommon_64:PhysXCommon_64.dll
 0001:00000ae7       __imp_load_assembleSoftBodyMesh 0000000180001ae7 f   PhysXCommon_64:PhysXCommon_64.dll
 0001:00000af3       assembleSoftBodyMesh       0000000180001af3 f   PhysXCommon_64:PhysXCommon_64.dll
 0001:00000af9       __imp_load_assembleSoftBodyMesh_Sim 0000000180001af9 f   PhysXCommon_64:PhysXCommon_64.dll
 0001:00000b05       assembleSoftBodyMesh_Sim   0000000180001b05 f   PhysXCommon_64:PhysXCommon_64.dll
 0001:00000b0b       __imp_load_?release@AABBTreeBounds@Gu@physx@@QEAAXXZ 0000000180001b0b f   PhysXCommon_64:PhysXCommon_64.dll
 0001:00000b17       ?release@AABBTreeBounds@Gu@physx@@QEAAXXZ 0000000180001b17 f   PhysXCommon_64:PhysXCommon_64.dll
 0001:00000b1d       __imp_load_??0BVH@Gu@physx@@QEAA@AEBUPxBVHInternalData@2@@Z 0000000180001b1d f   PhysXCommon_64:PhysXCommon_64.dll
 0001:00000b29       ??0BVH@Gu@physx@@QEAA@AEBUPxBVHInternalData@2@@Z 0000000180001b29 f   PhysXCommon_64:PhysXCommon_64.dll
 0001:00000b2f       __imp_load_??0BV4TriangleMesh@Gu@physx@@QEAA@AEBUPxTriangleMeshInternalData@2@@Z 0000000180001b2f f   PhysXCommon_64:PhysXCommon_64.dll
 0001:00000b3b       ??0BV4TriangleMesh@Gu@physx@@QEAA@AEBUPxTriangleMeshInternalData@2@@Z 0000000180001b3b f   PhysXCommon_64:PhysXCommon_64.dll
 0001:00000b41       __imp_load_PxGetBroadcastAllocator 0000000180001b41 f   PhysXFoundation_64:PhysXFoundation_64.dll
 0001:00000b4d       PxGetBroadcastAllocator    0000000180001b4d f   PhysXFoundation_64:PhysXFoundation_64.dll
 0001:00000b53       __tailMerge_physxfoundation_64_dll 0000000180001b53     PhysXFoundation_64:PhysXFoundation_64.dll
 0001:00000bcc       ?DloadAcquireSectionWriteAccess@@YAXXZ 0000000180001bcc f i Delayimp:delayhlp.obj
 0001:00000c78       ?DloadGetSRWLockFunctionPointers@@YAEXZ 0000000180001c78 f i Delayimp:delayhlp.obj
 0001:00000d18       ?DloadMakePermanentImageCommit@@YAXPEAX_K@Z 0000000180001d18 f i Delayimp:delayhlp.obj
 0001:00000db0       ?DloadObtainSection@@YAPEAXPEAK0@Z 0000000180001db0 f i Delayimp:delayhlp.obj
 0001:00000e4c       ?DloadProtectSection@@YAXKPEAK@Z 0000000180001e4c f i Delayimp:delayhlp.obj
 0001:00000edc       ?DloadReleaseSectionWriteAccess@@YAXXZ 0000000180001edc f i Delayimp:delayhlp.obj
 0001:00000f70       __delayLoadHelper2         0000000180001f70 f   Delayimp:delayhlp.obj
 0001:00001248       ??3@YAXPEAX@Z              0000000180002248 f   LIBCMT:delete_scalar.obj
 0001:00001250       ??3@YAXPEAX_K@Z            0000000180002250 f   LIBCMT:delete_scalar_size.obj
 0001:00001250       ??_V@YAXPEAX@Z             0000000180002250 f   LIBCMT:delete_array.obj
 0001:00001258       ??_V@YAXPEAX_K@Z           0000000180002258 f   LIBCMT:delete_array_size.obj
 0001:00001260       ??_Etype_info@@UEAAPEAXI@Z 0000000180002260 f i LIBCMT:std_type_info_static.obj
 0001:00001260       ??_Gtype_info@@UEAAPEAXI@Z 0000000180002260 f i LIBCMT:std_type_info_static.obj
 0001:0000128c       ?__scrt_initialize_type_info@@YAXXZ 000000018000228c f   LIBCMT:tncleanup.obj
 0001:0000129c       ?__scrt_uninitialize_type_info@@YAXXZ 000000018000229c f   LIBCMT:tncleanup.obj
 0001:000015c8       _DllMainCRTStartup         00000001800025c8 f   LIBCMT:dll_dllmain.obj
 0001:00001608       __security_init_cookie     0000000180002608 f   LIBCMT:gs_support.obj
 0001:000016b4       ?length@charNode@@UEBAHXZ  00000001800026b4 f   libvcruntime:undname.obj
 0001:000016b4       ?raw_length@charNode@@UEBAHXZ 00000001800026b4 f   libvcruntime:undname.obj
 0001:000016b4       DllMain                    00000001800026b4 f   LIBCMT:dll_dllmain_stub.obj
 0001:000016b4       _get_startup_argv_mode     00000001800026b4 f   LIBCMT:argv_mode.obj
 0001:000016bc       __local_stdio_printf_options 00000001800026bc f i LIBCMT:default_local_stdio_options.obj
 0001:000016c4       __local_stdio_scanf_options 00000001800026c4 f i LIBCMT:default_local_stdio_options.obj
 0001:000016cc       __scrt_initialize_default_local_stdio_options 00000001800026cc f   LIBCMT:default_local_stdio_options.obj
 0001:000016e8       __scrt_acquire_startup_lock 00000001800026e8 f   LIBCMT:utility.obj
 0001:00001724       __scrt_dllmain_after_initialize_c 0000000180002724 f   LIBCMT:utility.obj
 0001:00001758       __scrt_dllmain_before_initialize_c 0000000180002758 f   LIBCMT:utility.obj
 0001:00001770       __scrt_dllmain_crt_thread_attach 0000000180002770 f   LIBCMT:utility.obj
 0001:00001798       __scrt_dllmain_crt_thread_detach 0000000180002798 f   LIBCMT:utility.obj
 0001:000017b0       __scrt_dllmain_exception_filter 00000001800027b0 f   LIBCMT:utility.obj
 0001:00001810       __scrt_dllmain_uninitialize_c 0000000180002810 f   LIBCMT:utility.obj
 0001:00001840       __scrt_dllmain_uninitialize_critical 0000000180002840 f   LIBCMT:utility.obj
 0001:00001854       __scrt_initialize_crt      0000000180002854 f   LIBCMT:utility.obj
 0001:000018a0       __scrt_initialize_onexit_tables 00000001800028a0 f   LIBCMT:utility.obj
 0001:0000192c       __scrt_is_nonwritable_in_current_image 000000018000292c f   LIBCMT:utility.obj
 0001:000019c4       __scrt_release_startup_lock 00000001800029c4 f   LIBCMT:utility.obj
 0001:000019e8       __scrt_uninitialize_crt    00000001800029e8 f   LIBCMT:utility.obj
 0001:00001a14       __scrt_get_dyn_tls_init_callback 0000000180002a14 f   LIBCMT:dyn_tls_init.obj
 0001:00001a1c       __crt_debugger_hook        0000000180002a1c f   LIBCMT:utility_desktop.obj
 0001:00001a24       __scrt_fastfail            0000000180002a24 f   LIBCMT:utility_desktop.obj
 0001:00001b70       _RTC_Initialize            0000000180002b70 f   LIBCMT:initsect.obj
 0001:00001bac       _RTC_Terminate             0000000180002bac f   LIBCMT:initsect.obj
 0001:00001bf0       __isa_available_init       0000000180002bf0 f   LIBCMT:cpu_disp.obj
 0001:00001d9c       __scrt_is_ucrt_dll_in_use  0000000180002d9c f   LIBCMT:ucrt_detection.obj
 0001:00001da8       _get_purecall_handler      0000000180002da8 f   libvcruntime:purevirt.obj
 0001:00001db4       _purecall                  0000000180002db4 f   libvcruntime:purevirt.obj
 0001:00001dd8       __std_type_info_compare    0000000180002dd8 f   libvcruntime:std_type_info.obj
 0001:00001e00       __std_type_info_destroy_list 0000000180002e00 f   libvcruntime:std_type_info.obj
 0001:00001e2c       __std_type_info_name       0000000180002e2c f   libvcruntime:std_type_info.obj
 0001:00001f44       strstr                     0000000180002f44 f   libvcruntime:strstr.obj
 0001:0000213c       __C_specific_handler       000000018000313c f   libvcruntime:riscchandler.obj
 0001:00002334       __vcrt_initialize          0000000180003334 f   libvcruntime:initialization.obj
 0001:0000235c       __vcrt_thread_attach       000000018000335c f   libvcruntime:initialization.obj
 0001:00002370       __vcrt_thread_detach       0000000180003370 f   libvcruntime:initialization.obj
 0001:00002384       __vcrt_uninitialize        0000000180003384 f   libvcruntime:initialization.obj
 0001:000023a0       __vcrt_uninitialize_critical 00000001800033a0 f   libvcruntime:initialization.obj
 0001:000023b0       __DestructExceptionObject  00000001800033b0 f   libvcruntime:ehhelpers.obj
 0001:00002420       ?_CallMemberFunction0@@YAXQEAX0@Z 0000000180003420 f i libvcruntime:ehhelpers.obj
 0001:00002424       _IsExceptionObjectToBeDestroyed 0000000180003424 f   libvcruntime:ehhelpers.obj
 0001:00002454       __AdjustPointer            0000000180003454 f   libvcruntime:ehhelpers.obj
 0001:00002478       __FrameUnwindFilter        0000000180003478 f   libvcruntime:ehhelpers.obj
 0001:000024e0       __std_terminate            00000001800034e0 f   libvcruntime:ehhelpers.obj
 0001:00002500       memset_repstos             0000000180003500 f   libvcruntime:memset.obj
 0001:00002520       memset                     0000000180003520 f   libvcruntime:memset.obj
 0001:000028a8       ??$?0$00@DName@@QEAA@PEBDU?$StringLifeSelector@$00@@@Z 00000001800038a8 f i libvcruntime:undname.obj
 0001:000028e8       ??$?0$01@DName@@QEAA@PEBDU?$StringLifeSelector@$01@@@Z 00000001800038e8 f i libvcruntime:undname.obj
 0001:000028e8       ??$?0$0A@@DName@@QEAA@PEBDU?$StringLifeSelector@$0A@@@@Z 00000001800038e8 f i libvcruntime:undname.obj
 0001:00002928       ??$?0$01@pcharNode@@QEAA@PEBDHU?$StringLifeSelector@$01@@@Z 0000000180003928 f i libvcruntime:undname.obj
 0001:00002928       ??$?0$0A@@pcharNode@@QEAA@PEBDHU?$StringLifeSelector@$0A@@@@Z 0000000180003928 f i libvcruntime:undname.obj
 0001:0000299c       ??$append@VDNameNode@@@DName@@AEAAXPEBVDNameNode@@@Z 000000018000399c f i libvcruntime:undname.obj
 0001:0000299c       ??$append@VDNameStatusNode@@@DName@@AEAAXPEBVDNameStatusNode@@@Z 000000018000399c f i libvcruntime:undname.obj
 0001:0000299c       ??$append@VcharNode@@@DName@@AEAAXPEBVcharNode@@@Z 000000018000399c f i libvcruntime:undname.obj
 0001:0000299c       ??$append@VpcharNode@@@DName@@AEAAXPEBVpcharNode@@@Z 000000018000399c f i libvcruntime:undname.obj
 0001:00002a00       ??$doPchar@$00@DName@@AEAAXPEBDH@Z 0000000180003a00 f i libvcruntime:undname.obj
 0001:00002aa4       ??$doPchar@$01@DName@@AEAAXPEBDH@Z 0000000180003aa4 f i libvcruntime:undname.obj
 0001:00002aa4       ??$doPchar@$0A@@DName@@AEAAXPEBDH@Z 0000000180003aa4 f i libvcruntime:undname.obj
 0001:00002b3c       ??0DName@@QEAA@AEAPEBDD@Z  0000000180003b3c f   libvcruntime:undname.obj
 0001:00002bec       ??0DName@@QEAA@AEBUStringLiteral@@@Z 0000000180003bec f   libvcruntime:undname.obj
 0001:00002c18       ??0DName@@QEAA@PEAV0@@Z    0000000180003c18 f   libvcruntime:undname.obj
 0001:00002c9c       ??0DName@@QEAA@_J@Z        0000000180003c9c f   libvcruntime:undname.obj
 0001:00002d44       ??0DName@@QEAA@_K@Z        0000000180003d44 f   libvcruntime:undname.obj
 0001:00002dd4       ??2@YAPEAX_KAEAV_HeapManager@@H@Z 0000000180003dd4 f   libvcruntime:undname.obj
 0001:00002e00       ??4DName@@QEAAAEAV0@W4DNameStatus@@@Z 0000000180003e00 f   libvcruntime:undname.obj
 0001:00002e30       ??AReplicator@@QEBA?AVDName@@H@Z 0000000180003e30 f   libvcruntime:undname.obj
 0001:00002e70       ??HDName@@QEBA?AV0@AEBUStringLiteral@@@Z 0000000180003e70 f   libvcruntime:undname.obj
 0001:00002e9c       ??HDName@@QEBA?AV0@AEBV0@@Z 0000000180003e9c f   libvcruntime:undname.obj
 0001:00002ec8       ??HDName@@QEBA?AV0@D@Z     0000000180003ec8 f   libvcruntime:undname.obj
 0001:00002ef4       ??HDName@@QEBA?AV0@W4DNameStatus@@@Z 0000000180003ef4 f   libvcruntime:undname.obj
 0001:00002f20       ??YDName@@QEAAAEAV0@AEBUStringLiteral@@@Z 0000000180003f20 f   libvcruntime:undname.obj
 0001:00002fa0       ??YDName@@QEAAAEAV0@AEBV0@@Z 0000000180003fa0 f   libvcruntime:undname.obj
 0001:00002ff8       ??YDName@@QEAAAEAV0@D@Z    0000000180003ff8 f   libvcruntime:undname.obj
 0001:00003064       ??YDName@@QEAAAEAV0@W4DNameStatus@@@Z 0000000180004064 f   libvcruntime:undname.obj
 0001:000030bc       ??YReplicator@@QEAAAEAV0@AEBVDName@@@Z 00000001800040bc f   libvcruntime:undname.obj
 0001:00003114       ?UScore@UnDecorator@@SA?AUStringLiteral@@W4Tokens@@@Z 0000000180004114 f   libvcruntime:undname.obj
 0001:00003160       ?composeDeclaration@UnDecorator@@CA?AVDName@@AEBV2@@Z 0000000180004160 f i libvcruntime:undname.obj
 0001:00004054       ?doPchar@DName@@AEAAXD@Z   0000000180005054 f   libvcruntime:undname.obj
 0001:000040a4       ?getAddressOf@UnDecorator@@CA?AVDName@@XZ 00000001800050a4 f   libvcruntime:undname.obj
 0001:00004134       ?getArgumentList@UnDecorator@@CA?AVDName@@XZ 0000000180005134 f   libvcruntime:undname.obj
 0001:000042e8       ?getArgumentTypes@UnDecorator@@CA?AVDName@@XZ 00000001800052e8 f   libvcruntime:undname.obj
 0001:00004434       ?getArrayAccess@UnDecorator@@CA?AVDName@@XZ 0000000180005434 f   libvcruntime:undname.obj
 0001:000044d0       ?getArrayObject@UnDecorator@@CA?AVDName@@XZ 00000001800054d0 f   libvcruntime:undname.obj
 0001:0000458c       ?getArrayType@UnDecorator@@CA?AVDName@@AEBV2@@Z 000000018000558c f i libvcruntime:undname.obj
 0001:000047d4       ?getBasedType@UnDecorator@@CA?AVDName@@XZ 00000001800057d4 f   libvcruntime:undname.obj
 0001:000048cc       ?getBasicDataType@UnDecorator@@CA?AVDName@@AEBV2@@Z 00000001800058cc f   libvcruntime:undname.obj
 0001:00004ed0       ?getCallingConvention@UnDecorator@@CA?AVDName@@XZ 0000000180005ed0 f   libvcruntime:undname.obj
 0001:00005008       ?getDataIndirectType@UnDecorator@@CA?AVDName@@AEBV2@W4IndirectionKind@@0H@Z 0000000180006008 f   libvcruntime:undname.obj
 0001:0000592c       ?getDataType@UnDecorator@@CA?AVDName@@PEAV2@@Z 000000018000692c f   libvcruntime:undname.obj
 0001:00005a40       ?getDecoratedName@UnDecorator@@CA?AVDName@@XZ 0000000180006a40 f   libvcruntime:undname.obj
 0001:00005d28       ?getDimension@UnDecorator@@CA?AVDName@@_N@Z 0000000180006d28 f   libvcruntime:undname.obj
 0001:00005e70       ?getDispatchTarget@UnDecorator@@CA?AVDName@@XZ 0000000180006e70 f   libvcruntime:undname.obj
 0001:00005ed0       ?getECSUDataType@UnDecorator@@CA?AVDName@@XZ 0000000180006ed0 f   libvcruntime:undname.obj
 0001:000060cc       ?getEnumType@UnDecorator@@CA?AVDName@@XZ 00000001800070cc f i libvcruntime:undname.obj
 0001:000061fc       ?getExtendedDataIndirectType@UnDecorator@@CA?AVDName@@AEAW4IndirectionKind@@AEA_NH@Z 00000001800071fc f   libvcruntime:undname.obj
 0001:00006400       ?getExternalDataType@UnDecorator@@CA?AVDName@@AEBV2@@Z 0000000180007400 f i libvcruntime:undname.obj
 0001:000064c0       ?getFloatingPoint@UnDecorator@@CA?AVDName@@H@Z 00000001800074c0 f   libvcruntime:undname.obj
 0001:00006628       ?getFunctionIndirectType@UnDecorator@@CA?AVDName@@AEBV2@@Z 0000000180007628 f   libvcruntime:undname.obj
 0001:00006b5c       ?getLastChar@DNameStatusNode@@UEBADXZ 0000000180007b5c f i libvcruntime:undname.obj
 0001:00006b68       ?getLastChar@charNode@@UEBADXZ 0000000180007b68 f i libvcruntime:undname.obj
 0001:00006b6c       ?getLastChar@pDNameNode@@UEBADXZ 0000000180007b6c f i libvcruntime:undname.obj
 0001:00006b98       ?getLastChar@pairNode@@UEBADXZ 0000000180007b98 f i libvcruntime:undname.obj
 0001:00006bd0       ?getLastChar@pcharNode@@UEBADXZ 0000000180007bd0 f i libvcruntime:undname.obj
 0001:00006be4       ?getLexicalFrame@UnDecorator@@CA?AVDName@@XZ 0000000180007be4 f i libvcruntime:undname.obj
 0001:00006c48       ?getMemberAccess@UnDecorator@@CA?AVDName@@XZ 0000000180007c48 f   libvcruntime:undname.obj
 0001:00006cdc       ?getMemoryWithBuffer@_HeapManager@@QEAAPEAX_K@Z 0000000180007cdc f   libvcruntime:undname.obj
 0001:00006d6c       ?getNoexcept@UnDecorator@@CA?AVDName@@XZ 0000000180007d6c f   libvcruntime:undname.obj
 0001:00006dd0       ?getNumberOfDimensions@UnDecorator@@CAHXZ 0000000180007dd0 f   libvcruntime:undname.obj
 0001:00006e38       ?getOperatorName@UnDecorator@@CA?AVDName@@_NPEA_N@Z 0000000180007e38 f i libvcruntime:undname.obj
 0001:000077e8       ?getPointerToMember@UnDecorator@@CA?AVDName@@XZ 00000001800087e8 f   libvcruntime:undname.obj
 0001:000078e0       ?getPrimaryDataType@UnDecorator@@CA?AVDName@@AEBV2@@Z 00000001800088e0 f   libvcruntime:undname.obj
 0001:00007b98       ?getPtrRefDataType@UnDecorator@@CA?AVDName@@AEBV2@H@Z 0000000180008b98 f   libvcruntime:undname.obj
 0001:00007d64       ?getPtrRefType@UnDecorator@@CA?AVDName@@AEBV2@0W4IndirectionKind@@@Z 0000000180008d64 f   libvcruntime:undname.obj
 0001:00007f3c       ?getRestrictionSpec@UnDecorator@@CA?AVDName@@XZ 0000000180008f3c f   libvcruntime:undname.obj
 0001:00008118       ?getReturnType@UnDecorator@@CA?AVDName@@PEAV2@@Z 0000000180009118 f   libvcruntime:undname.obj
 0001:0000814c       ?getScope@UnDecorator@@CA?AVDName@@XZ 000000018000914c f   libvcruntime:undname.obj
 0001:00008608       ?getScopedName@UnDecorator@@CA?AVDName@@XZ 0000000180009608 f   libvcruntime:undname.obj
 0001:00008748       ?getSignedDimension@UnDecorator@@CA?AVDName@@XZ 0000000180009748 f   libvcruntime:undname.obj
 0001:000087d0       ?getString@DNameStatusNode@@UEBAPEADPEAD0@Z 00000001800097d0 f i libvcruntime:undname.obj
 0001:00008818       ?getString@charNode@@UEBAPEADPEAD0@Z 0000000180009818 f i libvcruntime:undname.obj
 0001:0000882c       ?getString@pDNameNode@@UEBAPEADPEAD0@Z 000000018000982c f i libvcruntime:undname.obj
 0001:0000885c       ?getString@pairNode@@UEBAPEADPEAD0@Z 000000018000985c f i libvcruntime:undname.obj
 0001:000088a8       ?getString@pcharNode@@UEBAPEADPEAD0@Z 00000001800098a8 f i libvcruntime:undname.obj
 0001:000088e0       ?getStringEncoding@UnDecorator@@CA?AVDName@@W4PrefixKind@@H@Z 00000001800098e0 f   libvcruntime:undname.obj
 0001:000089f0       ?getStringObject@UnDecorator@@CA?AVDName@@XZ 00000001800099f0 f   libvcruntime:undname.obj
 0001:00008a58       ?getSymbolName@UnDecorator@@CA?AVDName@@XZ 0000000180009a58 f i libvcruntime:undname.obj
 0001:00008aa4       ?getTemplateArgumentList@UnDecorator@@CA?AVDName@@XZ 0000000180009aa4 f   libvcruntime:undname.obj
 0001:00008cc0       ?getTemplateName@UnDecorator@@CA?AVDName@@_N@Z 0000000180009cc0 f   libvcruntime:undname.obj
 0001:00008f54       ?getTemplateNonTypeArgument@UnDecorator@@CA?AVDName@@XZ 0000000180009f54 f   libvcruntime:undname.obj
 0001:000094a4       ?getTemplateTypeArgument@UnDecorator@@CA?AVDName@@XZ 000000018000a4a4 f   libvcruntime:undname.obj
 0001:0000960c       ?getThrowTypes@UnDecorator@@CA?AVDName@@XZ 000000018000a60c f   libvcruntime:undname.obj
 0001:00009630       ?getTypeEncoding@UnDecorator@@CAHXZ 000000018000a630 f i libvcruntime:undname.obj
 0001:000099ec       ?getUndecoratedName@UnDecorator@@QEAAPEADPEADH@Z 000000018000a9ec f i libvcruntime:undname.obj
 0001:00009b40       ?getUnionObject@UnDecorator@@CA?AVDName@@XZ 000000018000ab40 f   libvcruntime:undname.obj
 0001:00009c18       ?getVCallThunkType@UnDecorator@@CA?AVDName@@XZ 000000018000ac18 f i libvcruntime:undname.obj
 0001:00009c90       ?getValue@UnDecorator@@CA?AV?$optional@_K@std@@XZ 000000018000ac90 f   libvcruntime:undname.obj
 0001:00009d04       ?getValueObject@UnDecorator@@CA?AVDName@@XZ 000000018000ad04 f   libvcruntime:undname.obj
 0001:00009e44       ?getVdispMapType@UnDecorator@@CA?AVDName@@AEBV2@@Z 000000018000ae44 f i libvcruntime:undname.obj
 0001:00009ec0       ?getVfTableType@UnDecorator@@CA?AVDName@@AEBV2@@Z 000000018000aec0 f i libvcruntime:undname.obj
 0001:0000a0cc       ?getZName@UnDecorator@@CA?AVDName@@_N0@Z 000000018000b0cc f   libvcruntime:undname.obj
 0001:0000a3a0       ?length@DNameStatusNode@@UEBAHXZ 000000018000b3a0 f i libvcruntime:undname.obj
 0001:0000a3a0       ?raw_length@DNameStatusNode@@UEBAHXZ 000000018000b3a0 f i libvcruntime:undname.obj
 0001:0000a3a4       ?length@pDNameNode@@UEBAHXZ 000000018000b3a4 f i libvcruntime:undname.obj
 0001:0000a3cc       ?length@pairNode@@UEBAHXZ  000000018000b3cc f i libvcruntime:undname.obj
 0001:0000a414       ?length@pcharNode@@UEBAHXZ 000000018000b414 f i libvcruntime:undname.obj
 0001:0000a414       ?raw_length@pcharNode@@UEBAHXZ 000000018000b414 f i libvcruntime:undname.obj
 0001:0000a418       ?parseDecoratedName@UnDecorator@@CA?AVDName@@XZ 000000018000b418 f   libvcruntime:undname.obj
 0001:0000a530       ?raw_length@pDNameNode@@UEBAHXZ 000000018000b530 f i libvcruntime:undname.obj
 0001:0000a534       ?raw_length@pairNode@@UEBAHXZ 000000018000b534 f i libvcruntime:undname.obj
 0001:0000a538       __unDName                  000000018000b538 f   libvcruntime:undname.obj
 0001:0000a560       __unDNameEx                000000018000b560 f   libvcruntime:undname.obj
 0001:0000a694       snprintf                   000000018000b694 f i libvcruntime:undname.obj
 0001:0000a6ec       sprintf_s                  000000018000b6ec f i libvcruntime:undname.obj
 0001:0000a750       _NLG_Notify                000000018000b750 f   libvcruntime:notify.obj
 0001:0000a770       __NLG_Dispatch2            000000018000b770 f   libvcruntime:notify.obj
 0001:0000a780       __NLG_Return2              000000018000b780 f   libvcruntime:notify.obj
 0001:0000a784       __except_validate_context_record 000000018000b784 f   libvcruntime:jbcxrval.obj
 0001:0000a7d0       memcpy_repmovs             000000018000b7d0 f   libvcruntime:memcpy.obj
 0001:0000a7f0       memcpy                     000000018000b7f0 f   libvcruntime:memcpy.obj
 0001:0000a7f0       memmove                    000000018000b7f0 f   libvcruntime:memcpy.obj
 0001:0000ae68       __vcrt_freefls             000000018000be68 f   libvcruntime:per_thread_data.obj
 0001:0000ae88       __vcrt_freeptd             000000018000be88 f   libvcruntime:per_thread_data.obj
 0001:0000aed8       __vcrt_getptd              000000018000bed8 f   libvcruntime:per_thread_data.obj
 0001:0000aef4       __vcrt_getptd_noexit       000000018000bef4 f   libvcruntime:per_thread_data.obj
 0001:0000afb4       __vcrt_initialize_ptd      000000018000bfb4 f   libvcruntime:per_thread_data.obj
 0001:0000affc       __vcrt_uninitialize_ptd    000000018000bffc f   libvcruntime:per_thread_data.obj
 0001:0000b020       __vcrt_initialize_locks    000000018000c020 f   libvcruntime:locks.obj
 0001:0000b068       __vcrt_lock                000000018000c068 f   libvcruntime:locks.obj
 0001:0000b084       __vcrt_uninitialize_locks  000000018000c084 f   libvcruntime:locks.obj
 0001:0000b0bc       __vcrt_unlock              000000018000c0bc f   libvcruntime:locks.obj
 0001:0000b0d8       ??$_CallSETranslator@V__FrameHandler3@@@@YAHPEAUEHExceptionRecord@@PEA_KPEAU_CONTEXT@@PEAU_xDISPATCHER_CONTEXT@@PEBU_s_FuncInfo@@K1H@Z 000000018000c0d8 f i libvcruntime:risctrnsctrl.obj
 0001:0000b12c       ??$_CallSETranslator@V__FrameHandler4@@@@YAHPEAUEHExceptionRecord@@PEA_KPEAU_CONTEXT@@PEAU_xDISPATCHER_CONTEXT@@PEAUFuncInfo4@FH4@@K1H@Z 000000018000c12c f i libvcruntime:risctrnsctrl.obj
 0001:0000b180       ?CatchTryBlock@__FrameHandler3@@SAPEBU_s_TryBlockMapEntry@@PEBU_s_FuncInfo@@H@Z 000000018000c180 f   libvcruntime:risctrnsctrl.obj
 0001:0000b1e4       ?DecompFuncInfo@FH4@@YA_JPEAEAEAUFuncInfo4@1@_KH_N@Z 000000018000c1e4 f i libvcruntime:risctrnsctrl.obj
 0001:0000b308       ?ExecutionInCatch@__FrameHandler3@@SA_NPEAU_xDISPATCHER_CONTEXT@@PEBU_s_FuncInfo@@@Z 000000018000c308 f   libvcruntime:risctrnsctrl.obj
 0001:0000b334       ?ExecutionInCatch@__FrameHandler4@@SA_NPEAU_xDISPATCHER_CONTEXT@@PEAUFuncInfo4@FH4@@@Z 000000018000c334 f   libvcruntime:risctrnsctrl.obj
 0001:0000b33c       ?FrameUnwindToEmptyState@__FrameHandler3@@SAXPEA_KPEAU_xDISPATCHER_CONTEXT@@PEBU_s_FuncInfo@@@Z 000000018000c33c f   libvcruntime:risctrnsctrl.obj
 0001:0000b3a0       ?FrameUnwindToEmptyState@__FrameHandler4@@SAXPEA_KPEAU_xDISPATCHER_CONTEXT@@PEAUFuncInfo4@FH4@@@Z 000000018000c3a0 f   libvcruntime:risctrnsctrl.obj
 0001:0000b3d4       ?GetEstablisherFrame@__FrameHandler3@@SAPEA_KPEA_KPEAU_xDISPATCHER_CONTEXT@@PEBU_s_FuncInfo@@0@Z 000000018000c3d4 f   libvcruntime:risctrnsctrl.obj
 0001:0000b4a0       ?GetEstablisherFrame@__FrameHandler4@@SAPEA_KPEA_KPEAU_xDISPATCHER_CONTEXT@@PEAUFuncInfo4@FH4@@0@Z 000000018000c4a0 f   libvcruntime:risctrnsctrl.obj
 0001:0000b4c4       ?GetRangeOfTrysToCheck@__FrameHandler3@@SA?AU?$pair@Viterator@TryBlockMap@__FrameHandler3@@V123@@std@@AEAVTryBlockMap@1@HPEAU_xDISPATCHER_CONTEXT@@PEBU_s_FuncInfo@@H@Z 000000018000c4c4 f   libvcruntime:risctrnsctrl.obj
 0001:0000b604       ?GetRangeOfTrysToCheck@__FrameHandler4@@SA?AU?$pair@Viterator@TryBlockMap4@FH4@@V123@@std@@AEAVTryBlockMap4@FH4@@HPEAU_xDISPATCHER_CONTEXT@@PEAUFuncInfo4@5@H@Z 000000018000c604 f   libvcruntime:risctrnsctrl.obj
 0001:0000b770       ?UnwindNestedFrames@__FrameHandler3@@SAXPEA_KPEAUEHExceptionRecord@@PEAU_CONTEXT@@0PEAXPEBU_s_FuncInfo@@HHPEBU_s_HandlerType@@PEAU_xDISPATCHER_CONTEXT@@E@Z 000000018000c770 f   libvcruntime:risctrnsctrl.obj
 0001:0000b874       ?UnwindNestedFrames@__FrameHandler4@@SAXPEA_KPEAUEHExceptionRecord@@PEAU_CONTEXT@@0PEAXPEAUFuncInfo4@FH4@@HHPEAUHandlerType4@5@PEAU_xDISPATCHER_CONTEXT@@E@Z 000000018000c874 f   libvcruntime:risctrnsctrl.obj
 0001:0000b994       ?setBuffer@TryBlockMap4@FH4@@QEAAXViterator@12@@Z 000000018000c994 f i libvcruntime:risctrnsctrl.obj
 0001:0000bb58       _CreateFrameInfo           000000018000cb58 f   libvcruntime:risctrnsctrl.obj
 0001:0000bb94       _FindAndUnlinkFrame        000000018000cb94 f   libvcruntime:risctrnsctrl.obj
 0001:0000bbe8       _GetImageBase              000000018000cbe8 f   libvcruntime:risctrnsctrl.obj
 0001:0000bbfc       _GetThrowImageBase         000000018000cbfc f   libvcruntime:risctrnsctrl.obj
 0001:0000bc10       _SetImageBase              000000018000cc10 f   libvcruntime:risctrnsctrl.obj
 0001:0000bc28       _SetThrowImageBase         000000018000cc28 f   libvcruntime:risctrnsctrl.obj
 0001:0000bc40       __CxxFrameHandler3         000000018000cc40 f   libvcruntime:risctrnsctrl.obj
 0001:0000bcc8       __CxxFrameHandler4         000000018000ccc8 f   libvcruntime:risctrnsctrl.obj
 0001:0000bed8       __vcrt_FlsAlloc            000000018000ced8 f   libvcruntime:winapi_downlevel.obj
 0001:0000bf20       __vcrt_FlsFree             000000018000cf20 f   libvcruntime:winapi_downlevel.obj
 0001:0000bf68       __vcrt_FlsGetValue         000000018000cf68 f   libvcruntime:winapi_downlevel.obj
 0001:0000bfb0       __vcrt_FlsSetValue         000000018000cfb0 f   libvcruntime:winapi_downlevel.obj
 0001:0000c004       __vcrt_InitializeCriticalSectionEx 000000018000d004 f   libvcruntime:winapi_downlevel.obj
 0001:0000c068       ?GetCurrentState@__FrameHandler3@@SAHPEA_KPEAU_xDISPATCHER_CONTEXT@@PEBU_s_FuncInfo@@@Z 000000018000d068 f   libvcruntime:ehstate.obj
 0001:0000c090       ?GetUnwindTryBlock@__FrameHandler3@@SAHPEA_KPEAU_xDISPATCHER_CONTEXT@@PEBU_s_FuncInfo@@@Z 000000018000d090 f   libvcruntime:ehstate.obj
 0001:0000c0bc       ?SetState@__FrameHandler3@@SAXPEA_KPEBU_s_FuncInfo@@H@Z 000000018000d0bc f   libvcruntime:ehstate.obj
 0001:0000c0c8       ?SetUnwindTryBlock@__FrameHandler3@@SAXPEA_KPEAU_xDISPATCHER_CONTEXT@@PEBU_s_FuncInfo@@H@Z 000000018000d0c8 f   libvcruntime:ehstate.obj
 0001:0000c104       ?StateFromControlPc@__FrameHandler3@@SAHPEBU_s_FuncInfo@@PEAU_xDISPATCHER_CONTEXT@@@Z 000000018000d104 f   libvcruntime:ehstate.obj
 0001:0000c10c       ?StateFromControlPc@__FrameHandler4@@SAHPEAUFuncInfo4@FH4@@PEAU_xDISPATCHER_CONTEXT@@@Z 000000018000d10c f   libvcruntime:ehstate.obj
 0001:0000c114       ?StateFromIp@__FrameHandler3@@SAHPEBU_s_FuncInfo@@PEAU_xDISPATCHER_CONTEXT@@_K@Z 000000018000d114 f   libvcruntime:ehstate.obj
 0001:0000c17c       ?StateFromIp@__FrameHandler4@@SAHPEAUFuncInfo4@FH4@@PEAU_xDISPATCHER_CONTEXT@@_K@Z 000000018000d17c f   libvcruntime:ehstate.obj
 0001:0000d87c       ??$TypeMatchHelper@V__FrameHandler3@@@@YAHPEBU_s_HandlerType@@PEBU_s_CatchableType@@PEBU_s_ThrowInfo@@@Z 000000018000e87c f i libvcruntime:frame.obj
 0001:0000d9bc       ??$TypeMatchHelper@V__FrameHandler4@@@@YAHPEAUHandlerType4@FH4@@PEBU_s_CatchableType@@PEBU_s_ThrowInfo@@@Z 000000018000e9bc f i libvcruntime:frame.obj
 0001:0000db00       ??$__InternalCxxFrameHandler@V__FrameHandler3@@@@YA?AW4_EXCEPTION_DISPOSITION@@PEAUEHExceptionRecord@@PEA_KPEAU_CONTEXT@@PEAU_xDISPATCHER_CONTEXT@@PEBU_s_FuncInfo@@H1E@Z 000000018000eb00 f i libvcruntime:frame.obj
 0001:0000dd38       ??$__InternalCxxFrameHandler@V__FrameHandler4@@@@YA?AW4_EXCEPTION_DISPOSITION@@PEAUEHExceptionRecord@@PEA_KPEAU_CONTEXT@@PEAU_xDISPATCHER_CONTEXT@@PEAUFuncInfo4@FH4@@H1E@Z 000000018000ed38 f i libvcruntime:frame.obj
 0001:0000dfcc       ??$__InternalCxxFrameHandlerWrapper@V__FrameHandler3@@@@YA?AW4_EXCEPTION_DISPOSITION@@PEAUEHExceptionRecord@@PEA_KPEAU_CONTEXT@@PEAU_xDISPATCHER_CONTEXT@@PEBU_s_FuncInfo@@H1E@Z 000000018000efcc f i libvcruntime:frame.obj
 0001:0000dfd4       ??$__InternalCxxFrameHandlerWrapper@V__FrameHandler4@@@@YA?AW4_EXCEPTION_DISPOSITION@@PEAUEHExceptionRecord@@PEA_KPEAU_CONTEXT@@PEAU_xDISPATCHER_CONTEXT@@PEAUFuncInfo4@FH4@@H1E@Z 000000018000efd4 f i libvcruntime:frame.obj
 0001:0000e030       ??0HandlerMap4@FH4@@QEAA@PEBUTryBlockMapEntry4@1@_KH@Z 000000018000f030 f i libvcruntime:frame.obj
 0001:0000e0ac       ??0TryBlockMap4@FH4@@QEAA@PEBUFuncInfo4@1@_K@Z 000000018000f0ac f i libvcruntime:frame.obj
 0001:0000e184       ??0bad_exception@std@@QEAA@AEBV01@@Z 000000018000f184 f i libvcruntime:frame.obj
 0001:0000e1c0       ??0bad_exception@std@@QEAA@XZ 000000018000f1c0 f i libvcruntime:frame.obj
 0001:0000e1e0       ??0exception@std@@QEAA@AEBV01@@Z 000000018000f1e0 f i libvcruntime:frame.obj
 0001:0000e214       ??1bad_exception@std@@UEAA@XZ 000000018000f214 f i libvcruntime:frame.obj
 0001:0000e228       ??_Ebad_exception@std@@UEAAPEAXI@Z 000000018000f228 f i libvcruntime:frame.obj
 0001:0000e228       ??_Eexception@std@@UEAAPEAXI@Z 000000018000f228 f i libvcruntime:frame.obj
 0001:0000e228       ??_Gbad_exception@std@@UEAAPEAXI@Z 000000018000f228 f i libvcruntime:frame.obj
 0001:0000e228       ??_Gexception@std@@UEAAPEAXI@Z 000000018000f228 f i libvcruntime:frame.obj
 0001:0000e26c       ?CxxCallCatchBlock@__FrameHandler3@@SAPEAXPEAU_EXCEPTION_RECORD@@@Z 000000018000f26c f   libvcruntime:frame.obj
 0001:0000e458       ?CxxCallCatchBlock@__FrameHandler4@@SAPEAXPEAU_EXCEPTION_RECORD@@@Z 000000018000f458 f   libvcruntime:frame.obj
 0001:0000e6a8       ?DecompHandler@HandlerMap4@FH4@@AEAAXXZ 000000018000f6a8 f i libvcruntime:frame.obj
 0001:0000e8f4       ?FrameUnwindToState@__FrameHandler3@@SAXPEA_KPEAU_xDISPATCHER_CONTEXT@@PEBU_s_FuncInfo@@H@Z 000000018000f8f4 f   libvcruntime:frame.obj
 0001:0000ea80       ?FrameUnwindToState@__FrameHandler4@@SAXPEA_KPEAU_xDISPATCHER_CONTEXT@@PEAUFuncInfo4@FH4@@H@Z 000000018000fa80 f   libvcruntime:frame.obj
 0001:0000ed7c       ?GetHandlerSearchState@__FrameHandler3@@SAHPEA_KPEAU_xDISPATCHER_CONTEXT@@PEBU_s_FuncInfo@@@Z 000000018000fd7c f i libvcruntime:frame.obj
 0001:0000ef8c       ?ReadEntry@UWMap4@FH4@@AEAAXPEAPEAE@Z 000000018000ff8c f i libvcruntime:frame.obj
 0001:0000f028       ?_CallMemberFunction1@@YAXQEAX00@Z 0000000180010028 f i libvcruntime:frame.obj
 0001:0000f034       ?_CallMemberFunction2@@YAXQEAX00H@Z 0000000180010034 f i libvcruntime:frame.obj
 0001:0000f044       ?getStartStop@UWMap4@FH4@@QEAAXHHAEAViterator@12@0@Z 0000000180010044 f i libvcruntime:frame.obj
 0001:0000f114       ?getStateFromIterators@UWMap4@FH4@@SAHAEBViterator@12@H0H0@Z 0000000180010114 f i libvcruntime:frame.obj
 0001:0000f1c4       ?what@exception@std@@UEBAPEBDXZ 00000001800101c4 f i libvcruntime:frame.obj
 0001:0000f1f0       _CallSettingFrame          00000001800101f0 f   libvcruntime:handlers.obj
 0001:0000f240       _CallSettingFrame_LookupContinuationIndex 0000000180010240 f   libvcruntime:handlers.obj
 0001:0000f270       _CallSettingFrame_NotifyContinuationAddr 0000000180010270 f   libvcruntime:handlers.obj
 0001:0000f2a0       _CallSettingFrameEncoded   00000001800102a0 f   libvcruntime:handlers.obj
 0001:0000f2e8       __std_exception_copy       00000001800102e8 f   libvcruntime:std_exception.obj
 0001:0000f378       __std_exception_destroy    0000000180010378 f   libvcruntime:std_exception.obj
 0001:0000f3a0       _CxxThrowException         00000001800103a0 f   libvcruntime:throw.obj
 0001:0000f440       _local_unwind              0000000180010440 f   libvcruntime:jmpuwind.obj
 0001:0000f46c       free                       000000018001046c f   libucrt:free.obj
 0001:0000f480       _initterm                  0000000180010480 f   libucrt:initterm.obj
 0001:0000f4c4       _initterm_e                00000001800104c4 f   libucrt:initterm.obj
 0001:0000f50c       _seh_filter_dll            000000018001050c f   libucrt:exception_filter.obj
 0001:0000f520       _seh_filter_exe            0000000180010520 f   libucrt:exception_filter.obj
 0001:0000f944       __acrt_initialize_thread_local_exit_callback 0000000180010944 f   libucrt:exit.obj
 0001:0000f94c       _cexit                     000000018001094c f   libucrt:exit.obj
 0001:0000f95c       _exit                      000000018001095c f   libucrt:exit.obj
 0001:0000f968       _is_c_termination_complete 0000000180010968 f   libucrt:exit.obj
 0001:0000fb30       __acrt_allocate_buffer_for_argv 0000000180010b30 f   libucrt:argv_parsing.obj
 0001:0000fb90       _configure_narrow_argv     0000000180010b90 f   libucrt:argv_parsing.obj
 0001:0000ff18       __dcrt_uninitialize_environments_nolock 0000000180010f18 f   libucrt:environment_initialization.obj
 0001:0000ff5c       _initialize_narrow_environment 0000000180010f5c f   libucrt:environment_initialization.obj
 0001:000100c0       _execute_onexit_table      00000001800110c0 f   libucrt:onexit.obj
 0001:00010104       _initialize_onexit_table   0000000180011104 f   libucrt:onexit.obj
 0001:00010164       __acrt_uninitialize_command_line 0000000180011164 f   libucrt:argv_data.obj
 0001:0001025c       __acrt_initialize          000000018001125c f   libucrt:initialization.obj
 0001:00010270       __acrt_thread_attach       0000000180011270 f   libucrt:initialization.obj
 0001:00010284       __acrt_thread_detach       0000000180011284 f   libucrt:initialization.obj
 0001:00010294       __acrt_uninitialize        0000000180011294 f   libucrt:initialization.obj
 0001:000102cc       __acrt_uninitialize_critical 00000001800112cc f   libucrt:initialization.obj
 0001:000102dc       terminate                  00000001800112dc f   libucrt:terminate.obj
 0001:00010308       abort                      0000000180011308 f   libucrt:abort.obj
 0001:00010360       malloc                     0000000180011360 f   libucrt:malloc.obj
 0001:00010368       strcpy_s                   0000000180011368 f   libucrt:strcpy_s.obj
 0001:00010578       ??$ensure_buffer_is_big_enough@D@formatting_buffer@__crt_stdio_output@@QEAA_N_KAEAV__crt_cached_ptd_host@@@Z 0000000180011578 f i libucrt:output.obj
 0001:00010620       ??$parse_integer@KV?$c_string_character_source@D@__crt_strtox@@$0A@@__crt_strtox@@YAKAEAV__crt_cached_ptd_host@@V?$c_string_character_source@D@0@H_N@Z 0000000180011620 f i libucrt:output.obj
 0001:000108d0       ??$type_case_integer@$07@?$output_processor@DV?$string_output_adapter@D@__crt_stdio_output@@V?$format_validation_base@DV?$string_output_adapter@D@__crt_stdio_output@@@2@@__crt_stdio_output@@AEAA_N_N@Z 00000001800118d0 f i libucrt:output.obj
 0001:000108d0       ??$type_case_integer@$07@?$output_processor@DV?$string_output_adapter@D@__crt_stdio_output@@V?$standard_base@DV?$string_output_adapter@D@__crt_stdio_output@@@2@@__crt_stdio_output@@AEAA_N_N@Z 00000001800118d0 f i libucrt:output.obj
 0001:00010ab8       ??$type_case_integer@$09@?$output_processor@DV?$string_output_adapter@D@__crt_stdio_output@@V?$format_validation_base@DV?$string_output_adapter@D@__crt_stdio_output@@@2@@__crt_stdio_output@@AEAA_N_N@Z 0000000180011ab8 f i libucrt:output.obj
 0001:00010ab8       ??$type_case_integer@$09@?$output_processor@DV?$string_output_adapter@D@__crt_stdio_output@@V?$standard_base@DV?$string_output_adapter@D@__crt_stdio_output@@@2@@__crt_stdio_output@@AEAA_N_N@Z 0000000180011ab8 f i libucrt:output.obj
 0001:00010ca0       ??$type_case_integer@$0BA@@?$output_processor@DV?$string_output_adapter@D@__crt_stdio_output@@V?$format_validation_base@DV?$string_output_adapter@D@__crt_stdio_output@@@2@@__crt_stdio_output@@AEAA_N_N@Z 0000000180011ca0 f i libucrt:output.obj
 0001:00010ca0       ??$type_case_integer@$0BA@@?$output_processor@DV?$string_output_adapter@D@__crt_stdio_output@@V?$standard_base@DV?$string_output_adapter@D@__crt_stdio_output@@@2@@__crt_stdio_output@@AEAA_N_N@Z 0000000180011ca0 f i libucrt:output.obj
 0001:00010e88       ??$type_case_integer_parse_into_buffer@I$07@?$output_processor@DV?$string_output_adapter@D@__crt_stdio_output@@V?$format_validation_base@DV?$string_output_adapter@D@__crt_stdio_output@@@2@@__crt_stdio_output@@AEAAXI_N@Z 0000000180011e88 f i libucrt:output.obj
 0001:00010e88       ??$type_case_integer_parse_into_buffer@I$07@?$output_processor@DV?$string_output_adapter@D@__crt_stdio_output@@V?$standard_base@DV?$string_output_adapter@D@__crt_stdio_output@@@2@@__crt_stdio_output@@AEAAXI_N@Z 0000000180011e88 f i libucrt:output.obj
 0001:00010f04       ??$type_case_integer_parse_into_buffer@I$09@?$output_processor@DV?$string_output_adapter@D@__crt_stdio_output@@V?$format_validation_base@DV?$string_output_adapter@D@__crt_stdio_output@@@2@@__crt_stdio_output@@AEAAXI_N@Z 0000000180011f04 f i libucrt:output.obj
 0001:00010f04       ??$type_case_integer_parse_into_buffer@I$09@?$output_processor@DV?$string_output_adapter@D@__crt_stdio_output@@V?$standard_base@DV?$string_output_adapter@D@__crt_stdio_output@@@2@@__crt_stdio_output@@AEAAXI_N@Z 0000000180011f04 f i libucrt:output.obj
 0001:00010fac       ??$type_case_integer_parse_into_buffer@I$0BA@@?$output_processor@DV?$string_output_adapter@D@__crt_stdio_output@@V?$format_validation_base@DV?$string_output_adapter@D@__crt_stdio_output@@@2@@__crt_stdio_output@@AEAAXI_N@Z 0000000180011fac f i libucrt:output.obj
 0001:00010fac       ??$type_case_integer_parse_into_buffer@I$0BA@@?$output_processor@DV?$string_output_adapter@D@__crt_stdio_output@@V?$standard_base@DV?$string_output_adapter@D@__crt_stdio_output@@@2@@__crt_stdio_output@@AEAAXI_N@Z 0000000180011fac f i libucrt:output.obj
 0001:00011038       ??$type_case_integer_parse_into_buffer@_K$07@?$output_processor@DV?$string_output_adapter@D@__crt_stdio_output@@V?$format_validation_base@DV?$string_output_adapter@D@__crt_stdio_output@@@2@@__crt_stdio_output@@AEAAX_K_N@Z 0000000180012038 f i libucrt:output.obj
 0001:00011038       ??$type_case_integer_parse_into_buffer@_K$07@?$output_processor@DV?$string_output_adapter@D@__crt_stdio_output@@V?$standard_base@DV?$string_output_adapter@D@__crt_stdio_output@@@2@@__crt_stdio_output@@AEAAX_K_N@Z 0000000180012038 f i libucrt:output.obj
 0001:000110b4       ??$type_case_integer_parse_into_buffer@_K$09@?$output_processor@DV?$string_output_adapter@D@__crt_stdio_output@@V?$format_validation_base@DV?$string_output_adapter@D@__crt_stdio_output@@@2@@__crt_stdio_output@@AEAAX_K_N@Z 00000001800120b4 f i libucrt:output.obj
 0001:000110b4       ??$type_case_integer_parse_into_buffer@_K$09@?$output_processor@DV?$string_output_adapter@D@__crt_stdio_output@@V?$standard_base@DV?$string_output_adapter@D@__crt_stdio_output@@@2@@__crt_stdio_output@@AEAAX_K_N@Z 00000001800120b4 f i libucrt:output.obj
 0001:00011160       ??$type_case_integer_parse_into_buffer@_K$0BA@@?$output_processor@DV?$string_output_adapter@D@__crt_stdio_output@@V?$format_validation_base@DV?$string_output_adapter@D@__crt_stdio_output@@@2@@__crt_stdio_output@@AEAAX_K_N@Z 0000000180012160 f i libucrt:output.obj
 0001:00011160       ??$type_case_integer_parse_into_buffer@_K$0BA@@?$output_processor@DV?$string_output_adapter@D@__crt_stdio_output@@V?$standard_base@DV?$string_output_adapter@D@__crt_stdio_output@@@2@@__crt_stdio_output@@AEAAX_K_N@Z 0000000180012160 f i libucrt:output.obj
 0001:000111ec       ?crop_zeroes@__crt_stdio_output@@YAXPEADQEAU__crt_locale_pointers@@@Z 00000001800121ec f i libucrt:output.obj
 0001:00011260       ?get_raw_ptd@__crt_cached_ptd_host@@QEAAPEAU__acrt_ptd@@XZ 0000000180012260 f i libucrt:output.obj
 0001:000112c8       ?parse_int_from_format_string@?$output_processor@DV?$string_output_adapter@D@__crt_stdio_output@@V?$format_validation_base@DV?$string_output_adapter@D@__crt_stdio_output@@@2@@__crt_stdio_output@@AEAA_NQEAH@Z 00000001800122c8 f i libucrt:output.obj
 0001:000112c8       ?parse_int_from_format_string@?$output_processor@DV?$string_output_adapter@D@__crt_stdio_output@@V?$standard_base@DV?$string_output_adapter@D@__crt_stdio_output@@@2@@__crt_stdio_output@@AEAA_NQEAH@Z 00000001800122c8 f i libucrt:output.obj
 0001:00011358       ?process@?$output_processor@DV?$string_output_adapter@D@__crt_stdio_output@@V?$format_validation_base@DV?$string_output_adapter@D@__crt_stdio_output@@@2@@__crt_stdio_output@@QEAAHXZ 0000000180012358 f i libucrt:output.obj
 0001:000116e8       ?process@?$output_processor@DV?$string_output_adapter@D@__crt_stdio_output@@V?$standard_base@DV?$string_output_adapter@D@__crt_stdio_output@@@2@@__crt_stdio_output@@QEAAHXZ 00000001800126e8 f i libucrt:output.obj
 0001:00011a6c       ?state_case_size@?$output_processor@DV?$string_output_adapter@D@__crt_stdio_output@@V?$format_validation_base@DV?$string_output_adapter@D@__crt_stdio_output@@@2@@__crt_stdio_output@@AEAA_NXZ 0000000180012a6c f i libucrt:output.obj
 0001:00011a6c       ?state_case_size@?$output_processor@DV?$string_output_adapter@D@__crt_stdio_output@@V?$standard_base@DV?$string_output_adapter@D@__crt_stdio_output@@@2@@__crt_stdio_output@@AEAA_NXZ 0000000180012a6c f i libucrt:output.obj
 0001:00011bf0       ?state_case_type@?$output_processor@DV?$string_output_adapter@D@__crt_stdio_output@@V?$format_validation_base@DV?$string_output_adapter@D@__crt_stdio_output@@@2@@__crt_stdio_output@@AEAA_NXZ 0000000180012bf0 f i libucrt:output.obj
 0001:00011bf0       ?state_case_type@?$output_processor@DV?$string_output_adapter@D@__crt_stdio_output@@V?$standard_base@DV?$string_output_adapter@D@__crt_stdio_output@@@2@@__crt_stdio_output@@AEAA_NXZ 0000000180012bf0 f i libucrt:output.obj
 0001:00011fbc       ?type_case_Z@?$output_processor@DV?$string_output_adapter@D@__crt_stdio_output@@V?$format_validation_base@DV?$string_output_adapter@D@__crt_stdio_output@@@2@@__crt_stdio_output@@AEAA_NXZ 0000000180012fbc f i libucrt:output.obj
 0001:00011fbc       ?type_case_Z@?$output_processor@DV?$string_output_adapter@D@__crt_stdio_output@@V?$standard_base@DV?$string_output_adapter@D@__crt_stdio_output@@@2@@__crt_stdio_output@@AEAA_NXZ 0000000180012fbc f i libucrt:output.obj
 0001:00012034       ?type_case_a@?$output_processor@DV?$string_output_adapter@D@__crt_stdio_output@@V?$format_validation_base@DV?$string_output_adapter@D@__crt_stdio_output@@@2@@__crt_stdio_output@@AEAA_NXZ 0000000180013034 f i libucrt:output.obj
 0001:00012034       ?type_case_a@?$output_processor@DV?$string_output_adapter@D@__crt_stdio_output@@V?$standard_base@DV?$string_output_adapter@D@__crt_stdio_output@@@2@@__crt_stdio_output@@AEAA_NXZ 0000000180013034 f i libucrt:output.obj
 0001:00012280       ?type_case_c_tchar@?$output_processor@DV?$string_output_adapter@D@__crt_stdio_output@@V?$format_validation_base@DV?$string_output_adapter@D@__crt_stdio_output@@@2@@__crt_stdio_output@@AEAA_ND@Z 0000000180013280 f i libucrt:output.obj
 0001:00012280       ?type_case_c_tchar@?$output_processor@DV?$string_output_adapter@D@__crt_stdio_output@@V?$standard_base@DV?$string_output_adapter@D@__crt_stdio_output@@@2@@__crt_stdio_output@@AEAA_ND@Z 0000000180013280 f i libucrt:output.obj
 0001:00012344       ?type_case_n@?$output_processor@DV?$string_output_adapter@D@__crt_stdio_output@@V?$format_validation_base@DV?$string_output_adapter@D@__crt_stdio_output@@@2@@__crt_stdio_output@@AEAA_NXZ 0000000180013344 f i libucrt:output.obj
 0001:00012344       ?type_case_n@?$output_processor@DV?$string_output_adapter@D@__crt_stdio_output@@V?$standard_base@DV?$string_output_adapter@D@__crt_stdio_output@@@2@@__crt_stdio_output@@AEAA_NXZ 0000000180013344 f i libucrt:output.obj
 0001:000123f8       ?type_case_s@?$output_processor@DV?$string_output_adapter@D@__crt_stdio_output@@V?$format_validation_base@DV?$string_output_adapter@D@__crt_stdio_output@@@2@@__crt_stdio_output@@AEAA_NXZ 00000001800133f8 f i libucrt:output.obj
 0001:000123f8       ?type_case_s@?$output_processor@DV?$string_output_adapter@D@__crt_stdio_output@@V?$standard_base@DV?$string_output_adapter@D@__crt_stdio_output@@@2@@__crt_stdio_output@@AEAA_NXZ 00000001800133f8 f i libucrt:output.obj
 0001:00012490       ?update_locale_slow@__crt_cached_ptd_host@@AEAAXXZ 0000000180013490 f i libucrt:output.obj
 0001:00012508       ?write_string@?$string_output_adapter@D@__crt_stdio_output@@QEBAXQEBDHQEAHAEAV__crt_cached_ptd_host@@@Z 0000000180013508 f i libucrt:output.obj
 0001:000125ac       __stdio_common_vsprintf    00000001800135ac f   libucrt:output.obj
 0001:00012800       __stdio_common_vsprintf_s  0000000180013800 f   libucrt:output.obj
 0001:00012914       ??$parse_integer@KV?$c_string_character_source@D@__crt_strtox@@$00@__crt_strtox@@YAKAEAV__crt_cached_ptd_host@@V?$c_string_character_source@D@0@H_N@Z 0000000180013914 f i libucrt:atox.obj
 0001:00012bf4       _ischartype_l              0000000180013bf4 f i libucrt:atox.obj
 0001:00012c6c       atol                       0000000180013c6c f   libucrt:atox.obj
 0001:00012d30       strncmp                    0000000180013d30 f   libucrt:strncmp.obj
 0001:00012db0       calloc                     0000000180013db0 f   libucrt:calloc.obj
 0001:00012db8       wcsncmp                    0000000180013db8 f   libucrt:wcsncmp.obj
 0001:00012de4       _free_base                 0000000180013de4 f   libucrt:free_base.obj
 0001:00013198       __acrt_freeptd             0000000180014198 f   libucrt:per_thread_data.obj
 0001:000131dc       __acrt_getptd              00000001800141dc f   libucrt:per_thread_data.obj
 0001:000132b0       __acrt_getptd_head         00000001800142b0 f   libucrt:per_thread_data.obj
 0001:00013354       __acrt_getptd_noexit       0000000180014354 f   libucrt:per_thread_data.obj
 0001:0001341c       __acrt_getptd_noexit_explicit 000000018001441c f   libucrt:per_thread_data.obj
 0001:000134dc       __acrt_initialize_ptd      00000001800144dc f   libucrt:per_thread_data.obj
 0001:00013518       __acrt_uninitialize_ptd    0000000180014518 f   libucrt:per_thread_data.obj
 0001:0001353c       __acrt_initialize_locks    000000018001453c f   libucrt:locks.obj
 0001:00013584       __acrt_lock                0000000180014584 f   libucrt:locks.obj
 0001:000135a0       __acrt_uninitialize_locks  00000001800145a0 f   libucrt:locks.obj
 0001:000135d8       __acrt_unlock              00000001800145d8 f   libucrt:locks.obj
 0001:000135f4       __acrt_get_process_end_policy 00000001800145f4 f   libucrt:win_policies.obj
 0001:00013630       ?get_raw_ptd_noexit@__crt_cached_ptd_host@@QEAAPEAU__acrt_ptd@@XZ 0000000180014630 f i libucrt:invalid_parameter.obj
 0001:0001369c       ?value@?$dual_state_global@P6AXPEB_W00I_K@Z@__crt_state_management@@QEAAAEAP6AXPEB_W00I_K@ZAEAV__crt_cached_ptd_host@@@Z 000000018001469c f i libucrt:invalid_parameter.obj
 0001:000136e8       __acrt_call_reportfault    00000001800146e8 f   libucrt:invalid_parameter.obj
 0001:00013844       __acrt_initialize_invalid_parameter_handler 0000000180014844 f   libucrt:invalid_parameter.obj
 0001:0001384c       _invalid_parameter         000000018001484c f   libucrt:invalid_parameter.obj
 0001:000138e8       _invalid_parameter_internal 00000001800148e8 f   libucrt:invalid_parameter.obj
 0001:000139b8       _invalid_parameter_noinfo  00000001800149b8 f   libucrt:invalid_parameter.obj
 0001:000139d8       _invoke_watson             00000001800149d8 f   libucrt:invalid_parameter.obj
 0001:00013a20       __acrt_errno_from_os_error 0000000180014a20 f   libucrt:errno.obj
 0001:00013a68       __acrt_errno_map_os_error  0000000180014a68 f   libucrt:errno.obj
 0001:00013ab0       __acrt_errno_map_os_error_ptd 0000000180014ab0 f   libucrt:errno.obj
 0001:00013ad4       __doserrno                 0000000180014ad4 f   libucrt:errno.obj
 0001:00013af4       _errno                     0000000180014af4 f   libucrt:errno.obj
 0001:00013b14       _calloc_base               0000000180014b14 f   libucrt:calloc_base.obj
 0001:00013ba0       ??$__acrt_convert_wcs_mbs_cp@D_WV<lambda_7c9dea7b4ca7285d2cdb541a38da6275>@@U__crt_win32_buffer_internal_dynamic_resizing@@@@YAHQEBDAEAV?$__crt_win32_buffer@_WU__crt_win32_buffer_internal_dynamic_resizing@@@@AEBV<lambda_7c9dea7b4ca7285d2cdb541a38da6275>@@I@Z 0000000180014ba0 f i libucrt:argv_wildcards.obj
 0001:00013d1c       ??$__acrt_convert_wcs_mbs_cp@_WDV<lambda_d8593a27d1aa8c02be35c86a17d324c4>@@U__crt_win32_buffer_internal_dynamic_resizing@@@@YAHQEB_WAEAV?$__crt_win32_buffer@DU__crt_win32_buffer_internal_dynamic_resizing@@@@AEBV<lambda_d8593a27d1aa8c02be35c86a17d324c4>@@I@Z 0000000180014d1c f i libucrt:argv_wildcards.obj
 0001:000145c4       ??0_LocaleUpdate@@QEAA@QEAU__crt_locale_pointers@@@Z 00000001800155c4 f i libucrt:argv_wildcards.obj
 0001:00014660       __acrt_expand_narrow_argv_wildcards 0000000180015660 f   libucrt:argv_wildcards.obj
 0001:00014668       ??$__acrt_convert_wcs_mbs_cp@_WDV<lambda_f788ae46380686e8b737efdd8c720d07>@@U__crt_win32_buffer_no_resizing@@@@YAHQEB_WAEAV?$__crt_win32_buffer@DU__crt_win32_buffer_no_resizing@@@@AEBV<lambda_f788ae46380686e8b737efdd8c720d07>@@I@Z 0000000180015668 f i libucrt:getmodulefilenamea.obj
 0001:00014784       __acrt_GetModuleFileNameA  0000000180015784 f   libucrt:getmodulefilenamea.obj
 0001:000150a0       __acrt_initialize_multibyte 00000001800160a0 f   libucrt:mbctype.obj
 0001:00015100       __acrt_update_thread_multibyte_data 0000000180016100 f   libucrt:mbctype.obj
 0001:0001511c       _setmbcp_nolock            000000018001611c f   libucrt:mbctype.obj
 0001:00015450       _ismbblead                 0000000180016450 f   libucrt:ismbbyte.obj
 0001:00015464       __acrt_initialize_command_line 0000000180016464 f   libucrt:argv_data.obj
 0001:0001548c       __acrt_MultiByteToWideChar 000000018001648c f   libucrt:multibytetowidechar.obj
 0001:000154e8       __acrt_WideCharToMultiByte 00000001800164e8 f   libucrt:widechartomultibyte.obj
 0001:00015598       __dcrt_get_narrow_environment_from_os 0000000180016598 f   libucrt:get_environment_from_os.obj
 0001:000156a8       _recalloc_base             00000001800166a8 f   libucrt:recalloc.obj
 0001:00015900       __acrt_AppPolicyGetProcessTerminationMethodInternal 0000000180016900 f   libucrt:winapi_thunks.obj
 0001:00015958       __acrt_AreFileApisANSI     0000000180016958 f   libucrt:winapi_thunks.obj
 0001:0001599c       __acrt_FlsAlloc            000000018001699c f   libucrt:winapi_thunks.obj
 0001:000159a4       __acrt_FlsFree             00000001800169a4 f   libucrt:winapi_thunks.obj
 0001:000159ac       __acrt_FlsGetValue         00000001800169ac f   libucrt:winapi_thunks.obj
 0001:000159b4       __acrt_FlsSetValue         00000001800169b4 f   libucrt:winapi_thunks.obj
 0001:000159bc       __acrt_InitializeCriticalSectionEx 00000001800169bc f   libucrt:winapi_thunks.obj
 0001:00015a2c       __acrt_LCMapStringEx       0000000180016a2c f   libucrt:winapi_thunks.obj
 0001:00015b18       __acrt_LocaleNameToLCID    0000000180016b18 f   libucrt:winapi_thunks.obj
 0001:00015b78       __acrt_initialize_winapi_thunks 0000000180016b78 f   libucrt:winapi_thunks.obj
 0001:00015b9c       __acrt_uninitialize_winapi_thunks 0000000180016b9c f   libucrt:winapi_thunks.obj
 0001:00015be0       __acrt_initialize_heap     0000000180016be0 f   libucrt:heap_handle.obj
 0001:00015bfc       __acrt_uninitialize_heap   0000000180016bfc f   libucrt:heap_handle.obj
 0001:00015e00       __acrt_initialize_lowio    0000000180016e00 f   libucrt:ioinit.obj
 0001:00015e3c       __acrt_uninitialize_lowio  0000000180016e3c f   libucrt:ioinit.obj
 0001:00015e7c       __acrt_execute_initializers 0000000180016e7c f   libucrt:shared_initialization.obj
 0001:00015f10       __acrt_execute_uninitializers 0000000180016f10 f   libucrt:shared_initialization.obj
 0001:00015f58       __acrt_initialize_new_handler 0000000180016f58 f   libucrt:new_handler.obj
 0001:00015f60       _callnewh                  0000000180016f60 f   libucrt:new_handler.obj
 0001:00015f9c       _query_new_handler         0000000180016f9c f   libucrt:new_handler.obj
 0001:00016018       __acrt_get_sigabrt_handler 0000000180017018 f   libucrt:signal.obj
 0001:00016048       __acrt_initialize_signal_handlers 0000000180017048 f   libucrt:signal.obj
 0001:00016068       raise                      0000000180017068 f   libucrt:signal.obj
 0001:000162e8       __acrt_has_user_matherr    00000001800172e8 f   libucrt:matherr.obj
 0001:00016308       __acrt_initialize_user_matherr 0000000180017308 f   libucrt:matherr.obj
 0001:00016310       __acrt_invoke_user_matherr 0000000180017310 f   libucrt:matherr.obj
 0001:00016524       __acrt_stdio_flush_nolock  0000000180017524 f   libucrt:fflush.obj
 0001:000165b0       _fflush_nolock             00000001800175b0 f   libucrt:fflush.obj
 0001:00016684       _flushall                  0000000180017684 f   libucrt:fflush.obj
 0001:0001668c       __acrt_initialize_stdio    000000018001768c f   libucrt:_file.obj
 0001:000167ac       __acrt_uninitialize_stdio  00000001800177ac f   libucrt:_file.obj
 0001:00016808       _lock_file                 0000000180017808 f   libucrt:_file.obj
 0001:00016814       _unlock_file               0000000180017814 f   libucrt:_file.obj
 0001:00016820       _malloc_base               0000000180017820 f   libucrt:malloc_base.obj
 0001:00016880       strnlen                    0000000180017880 f   libucrt:strnlen.obj
 0001:000169d0       wcsnlen                    00000001800179d0 f   libucrt:strnlen.obj
 0001:00016ba8       __acrt_update_locale_info  0000000180017ba8 f   libucrt:locale_update.obj
 0001:00016bdc       __acrt_update_locale_info_explicit 0000000180017bdc f   libucrt:locale_update.obj
 0001:00016c14       __acrt_update_multibyte_info 0000000180017c14 f   libucrt:locale_update.obj
 0001:00016c48       __acrt_update_multibyte_info_explicit 0000000180017c48 f   libucrt:locale_update.obj
 0001:000177b0       __acrt_fp_format           00000001800187b0 f   libucrt:cvt.obj
 0001:00017a98       _wctomb_internal           0000000180018a98 f   libucrt:wctomb.obj
 0001:00017c48       _mbtowc_internal           0000000180018c48 f   libucrt:mbtowc.obj
 0001:00017dc0       _fileno                    0000000180018dc0 f   libucrt:fileno.obj
 0001:00017de8       _get_printf_count_output   0000000180018de8 f   libucrt:printf_count_output.obj
 0001:00017e70       __acrt_set_locale_changed  0000000180018e70 f   libucrt:wsetlocale.obj
 0001:00017e7c       __acrt_uninitialize_locale 0000000180018e7c f   libucrt:wsetlocale.obj
 0001:00017eac       __pctype_func              0000000180018eac f   libucrt:ctype.obj
 0001:00017edc       _isctype_l                 0000000180018edc f   libucrt:isctype.obj
 0001:00017fe4       __acrt_add_locale_ref      0000000180018fe4 f   libucrt:locale_refcounting.obj
 0001:00018070       __acrt_free_locale         0000000180019070 f   libucrt:locale_refcounting.obj
 0001:000181e8       __acrt_locale_add_lc_time_reference 00000001800191e8 f   libucrt:locale_refcounting.obj
 0001:00018210       __acrt_locale_free_lc_time_if_unreferenced 0000000180019210 f   libucrt:locale_refcounting.obj
 0001:00018248       __acrt_locale_release_lc_time_reference 0000000180019248 f   libucrt:locale_refcounting.obj
 0001:00018270       __acrt_release_locale_ref  0000000180019270 f   libucrt:locale_refcounting.obj
 0001:00018318       __acrt_update_thread_locale_data 0000000180019318 f   libucrt:locale_refcounting.obj
 0001:00018388       _updatetlocinfoEx_nolock   0000000180019388 f   libucrt:locale_refcounting.obj
 0001:000183f0       _query_new_mode            00000001800193f0 f   libucrt:new_mode.obj
 0001:00018400       qsort                      0000000180019400 f   libucrt:qsort.obj
 0001:00018810       strncpy_s                  0000000180019810 f   libucrt:strncpy_s.obj
 0001:000189a0       strpbrk                    00000001800199a0 f   libucrt:strpbrk.obj
 0001:00018d68       _mbsdec                    0000000180019d68 f   libucrt:mbsdec.obj
 0001:00018d70       _mbsdec_l                  0000000180019d70 f   libucrt:mbsdec.obj
 0001:00018e04       __acrt_GetStringTypeA      0000000180019e04 f   libucrt:getstringtypea.obj
 0001:000192c0       __acrt_LCMapStringA        000000018001a2c0 f   libucrt:lcmapstringa.obj
 0001:00019370       _msize_base                000000018001a370 f   libucrt:msize.obj
 0001:000193ac       _realloc_base              000000018001a3ac f   libucrt:realloc_base.obj
 0001:00019428       __acrt_DownlevelLocaleNameToLCID 000000018001a428 f   libucrt:lcidtoname_downlevel.obj
 0001:000194d0       __acrt_lowio_create_handle_array 000000018001a4d0 f   libucrt:osfinfo.obj
 0001:00019578       __acrt_lowio_destroy_handle_array 000000018001a578 f   libucrt:osfinfo.obj
 0001:000195c8       __acrt_lowio_ensure_fh_exists 000000018001a5c8 f   libucrt:osfinfo.obj
 0001:00019670       __acrt_lowio_lock_fh       000000018001a670 f   libucrt:osfinfo.obj
 0001:00019698       __acrt_lowio_unlock_fh     000000018001a698 f   libucrt:osfinfo.obj
 0001:000196c0       _free_osfhnd               000000018001a6c0 f   libucrt:osfinfo.obj
 0001:0001977c       _get_osfhandle             000000018001a77c f   libucrt:osfinfo.obj
 0001:00019880       _commit                    000000018001a880 f   libucrt:commit.obj
 0001:0001a130       _write_internal            000000018001b130 f   libucrt:write.obj
 0001:0001a258       _write_nolock              000000018001b258 f   libucrt:write.obj
 0001:0001a568       _fcloseall                 000000018001b568 f   libucrt:closeall.obj
 0001:0001a61c       __acrt_stdio_free_buffer_nolock 000000018001b61c f   libucrt:_freebuf.obj
 0001:0001a65c       _isatty                    000000018001b65c f   libucrt:isatty.obj
 0001:0001a6bc       __acrt_fp_strflt_to_string 000000018001b6bc f   libucrt:_fptostr.obj
 0001:0001a840       ?divide@__crt_strtox@@YA_KAEAUbig_integer@1@AEBU21@@Z 000000018001b840 f i libucrt:cfout.obj
 0001:0001accc       __acrt_fltout              000000018001bccc f   libucrt:cfout.obj
 0001:0001bf94       fegetround                 000000018001cf94 f   libucrt:fegetround.obj
 0001:0001bfa8       ?__c32rtomb_utf8@__crt_mbstring@@YA_KPEAD_UPEAU_Mbstatet@@AEAV__crt_cached_ptd_host@@@Z 000000018001cfa8 f   libucrt:c32rtomb.obj
 0001:0001c04c       ?__mbrtowc_utf8@__crt_mbstring@@YA_KPEA_WPEBD_KPEAU_Mbstatet@@AEAV__crt_cached_ptd_host@@@Z 000000018001d04c f   libucrt:mbrtowc.obj
 0001:0001c090       ?__mbsrtowcs_utf8@__crt_mbstring@@YA_KPEA_WPEAPEBD_KPEAU_Mbstatet@@AEAV__crt_cached_ptd_host@@@Z 000000018001d090 f   libucrt:mbrtowc.obj
 0001:0001c234       __acrt_locale_free_monetary 000000018001d234 f   libucrt:initmon.obj
 0001:0001c340       __acrt_locale_free_numeric 000000018001d340 f   libucrt:initnum.obj
 0001:0001c3e0       __acrt_locale_free_time    000000018001d3e0 f   libucrt:inittime.obj
 0001:0001c4e8       __strncnt                  000000018001d4e8 f   libucrt:strncnt.obj
 0001:0001c500       __ascii_wcsnicmp           000000018001d500 f   libucrt:wcsnicmp.obj
 0001:0001c54c       _query_app_type            000000018001d54c f   libucrt:report_runtime_error.obj
 0001:0001c600       _lseeki64_nolock_internal  000000018001d600 f   libucrt:lseek.obj
 0001:0001c608       _putwch_nolock             000000018001d608 f   libucrt:putwch.obj
 0001:0001c764       fclose                     000000018001d764 f   libucrt:fclose.obj
 0001:0001c7fc       _controlfp_s               000000018001d7fc f   libucrt:contrlfp.obj
 0001:0001c860       fegetenv                   000000018001d860 f   libucrt:fegetenv.obj
 0001:0001c880       fesetenv                   000000018001d880 f   libucrt:fesetenv.obj
 0001:0001c8cc       feholdexcept               000000018001d8cc f   libucrt:feholdexcept.obj
 0001:0001c91c       ceil                       000000018001d91c f   libucrt:ceil.obj
 0001:0001c9e0       log10                      000000018001d9e0 f   libucrt:log10.obj
 0001:0001cf8c       __acrt_fenv_get_common_round_control 000000018001df8c f   libucrt:_fenvutils.obj
 0001:0001cf98       __acrt_fenv_get_control    000000018001df98 f   libucrt:_fenvutils.obj
 0001:0001d07c       __acrt_fenv_get_status     000000018001e07c f   libucrt:_fenvutils.obj
 0001:0001d0d4       __acrt_fenv_set_control    000000018001e0d4 f   libucrt:_fenvutils.obj
 0001:0001d210       __acrt_fenv_set_status     000000018001e210 f   libucrt:_fenvutils.obj
 0001:0001d284       ?reset_and_return@__crt_mbstring@@YA_K_KPEAU_Mbstatet@@@Z 000000018001e284 f   libucrt:common_utf8.obj
 0001:0001d28c       ?return_illegal_sequence@__crt_mbstring@@YA_KPEAU_Mbstatet@@AEAV__crt_cached_ptd_host@@@Z 000000018001e28c f   libucrt:common_utf8.obj
 0001:0001d2a0       ?__mbrtoc32_utf8@__crt_mbstring@@YA_KPEA_UPEBD_KPEAU_Mbstatet@@AEAV__crt_cached_ptd_host@@@Z 000000018001e2a0 f   libucrt:mbrtoc32.obj
 0001:0001d47c       __dcrt_lowio_ensure_console_output_initialized 000000018001e47c f   libucrt:initcon.obj
 0001:0001d4d0       __dcrt_terminate_console_output 000000018001e4d0 f   libucrt:initcon.obj
 0001:0001d4ec       __dcrt_write_console       000000018001e4ec f   libucrt:initcon.obj
 0001:0001d624       _close_internal            000000018001e624 f   libucrt:close.obj
 0001:0001d6e8       _close_nolock_internal     000000018001e6e8 f   libucrt:close.obj
 0001:0001d7b8       ?__acrt_stdio_free_stream@@YAXV__crt_stdio_stream@@@Z 000000018001e7b8 f   libucrt:stream.obj
 0001:0001d7d4       _clearfp                   000000018001e7d4 f   libucrt:ieee.obj
 0001:0001d844       _control87                 000000018001e844 f   libucrt:ieee.obj
 0001:0001dc30       _handle_error              000000018001ec30 f   libucrt:libm_error.obj
 0001:0001dd58       _handle_nan                000000018001ed58 f   libucrt:libm_error.obj
 0001:0001dd80       __acrt_initialize_fma3     000000018001ed80 f   libucrt:fma3_available.obj
 0001:0001ddf0       _log10_special             000000018001edf0 f   libucrt:log_special.obj
 0001:0001dec0       _get_fpsr                  000000018001eec0 f   libucrt:fpsr.obj
 0001:0001ded0       _set_fpsr                  000000018001eed0 f   libucrt:fpsr.obj
 0001:0001deda       _fclrf                     000000018001eeda f   libucrt:fpsr.obj
 0001:0001deee       _frnd                      000000018001eeee f   libucrt:fpsr.obj
 0001:0001df10       _raise_exc                 000000018001ef10 f   libucrt:fpexcept.obj
 0001:0001df38       _raise_exc_ex              000000018001ef38 f   libucrt:fpexcept.obj
 0001:0001e248       _set_errno_from_matherr    000000018001f248 f   libucrt:fpexcept.obj
 0001:0001e278       _clrfp                     000000018001f278 f   libucrt:fpctrl.obj
 0001:0001e298       _ctrlfp                    000000018001f298 f   libucrt:fpctrl.obj
 0001:0001e314       _set_statfp                000000018001f314 f   libucrt:fpctrl.obj
 0001:0001e334       _statfp                    000000018001f334 f   libucrt:fpctrl.obj
 0001:0001e350       _FindPESection             000000018001f350 f   LIBCMT:pesect.obj
 0001:0001e3a0       _IsNonwritableInCurrentImage 000000018001f3a0 f   LIBCMT:pesect.obj
 0001:0001e3f0       _ValidateImageBase         000000018001f3f0 f   LIBCMT:pesect.obj
 0001:0001e41c       __GSHandlerCheck           000000018001f41c f   LIBCMT:gshandler.obj
 0001:0001e43c       __GSHandlerCheckCommon     000000018001f43c f   LIBCMT:gshandler.obj
 0001:0001e4b0       __security_check_cookie    000000018001f4b0 f   LIBCMT:amdsecgs.obj
 0001:0001e4d0       __GSHandlerCheck_SEH       000000018001f4d0 f   LIBCMT:gshandlerseh.obj
 0001:0001e558       __raise_securityfailure    000000018001f558 f   LIBCMT:gs_report.obj
 0001:0001e58c       __report_gsfailure         000000018001f58c f   LIBCMT:gs_report.obj
 0001:0001e660       __report_rangecheckfailure 000000018001f660 f   LIBCMT:gs_report.obj
 0001:0001e674       __report_securityfailure   000000018001f674 f   LIBCMT:gs_report.obj
 0001:0001e810       __chkstk                   000000018001f810 f   LIBCMT:chkstk.obj
 0001:0001e810       _alloca_probe              000000018001f810 f   LIBCMT:chkstk.obj
 0001:0001e860       __GSHandlerCheck_EH        000000018001f860 f   LIBCMT:gshandlereh.obj
 0001:0001e8e0       __C_specific_handler_noexcept 000000018001f8e0 f   libvcruntime:chandler_noexcept.obj
 0001:0001e92c       strrchr                    000000018001f92c f   libvcruntime:strrchr.obj
 0001:0001ea80       memcmp                     000000018001fa80 f   libvcruntime:memcmp.obj
 0001:0001eb60       _guard_dispatch_icall_nop  000000018001fb60 f   LIBCMT:guard_dispatch.obj
 0001:0001eb80       _guard_xfg_dispatch_icall_nop 000000018001fb80 f   LIBCMT:guard_xfg_dispatch.obj
 0002:00000000       __imp_LoadLibraryA         0000000180021000     kernel32:KERNEL32.dll
 0002:00000008       __imp_CloseHandle          0000000180021008     kernel32:KERNEL32.dll
 0002:00000010       __imp_RaiseException       0000000180021010     kernel32:KERNEL32.dll
 0002:00000018       __imp_GetLastError         0000000180021018     kernel32:KERNEL32.dll
[...]
 0002:0000abc0       $unwind$?fp_format_a@@YAHQEBNPEAD_KQEAD2H_NIW4__acrt_rounding_mode@@AEAV__crt_cached_ptd_host@@@Z 000000018002bbc0     libucrt:cvt.obj
 0002:0000abdc       $unwind$?fp_format_g@@YAHQEBNQEAD_K12H_NIW4__acrt_rounding_mode@@AEAV__crt_cached_ptd_host@@@Z 000000018002bbdc     libucrt:cvt.obj
 0002:0000abf4       $unwind$_wctomb_internal   000000018002bbf4     libucrt:wctomb.obj
 0002:0000ac08       $unwind$??$?RV<lambda_410d79af7f07d98d83a3f525b3859a53>@@AEAV<lambda_3e16ef9562a7dcce91392c22ab16ea36>@@V<lambda_38119f0e861e05405d8a144b9b982f0a>@@@?$__crt_seh_guarded_call@X@@QEAAX$$QEAV<lambda_410d79af7f07d98d83a3f525b3859a53>@@AEAV<lambda_3e16ef9562a7dcce91392c22ab16ea36>@@$$QEAV<lambda_38119f0e861e05405d8a144b9b982f0a>@@@Z 000000018002bc08     libucrt:wsetlocale.obj
 0002:0000ac30       $unwind$_isctype_l         000000018002bc30     libucrt:isctype.obj
 0002:0000ac4c       $unwind$__acrt_update_thread_locale_data 000000018002bc4c     libucrt:locale_refcounting.obj
 0002:0000ac70       $unwind$qsort              000000018002bc70     libucrt:qsort.obj
 0002:0000ac88       $chain$4$qsort             000000018002bc88     libucrt:qsort.obj
 0002:0000acac       $chain$5$qsort             000000018002bcac     libucrt:qsort.obj
 0002:0000acbc       $unwind$strpbrk            000000018002bcbc     libucrt:strpbrk.obj
 0002:0000accc       $unwind$fallbackMethod     000000018002bccc     libucrt:strpbrk.obj
 0002:0000acdc       $unwind$__acrt_GetStringTypeA 000000018002bcdc     libucrt:getstringtypea.obj
 0002:0000ad04       $unwind$__acrt_LCMapStringA 000000018002bd04     libucrt:lcmapstringa.obj
 0002:0000ad14       $unwind$?__acrt_LCMapStringA_stat@@YAHPEAU__crt_locale_pointers@@PEB_WKPEBDHPEADHHH@Z 000000018002bd14     libucrt:lcmapstringa.obj
 0002:0000ad3c       $unwind$__acrt_lowio_destroy_handle_array 000000018002bd3c     libucrt:osfinfo.obj
 0002:0000ad4c       $unwind$__acrt_lowio_ensure_fh_exists 000000018002bd4c     libucrt:osfinfo.obj
 0002:0000ad78       $unwind$_commit            000000018002bd78     libucrt:commit.obj
 0002:0000ad80       $unwind$??$?RV<lambda_a37b2b86f63e897a80ea819b0eb08c01>@@AEAV<lambda_38ce7e780aa69e748d6df282ebc68efe>@@V<lambda_99fb1378e971ab6e7edea83e3a7a83a2>@@@?$__crt_seh_guarded_call@H@@QEAAH$$QEAV<lambda_a37b2b86f63e897a80ea819b0eb08c01>@@AEAV<lambda_38ce7e780aa69e748d6df282ebc68efe>@@$$QEAV<lambda_99fb1378e971ab6e7edea83e3a7a83a2>@@@Z 000000018002bd80     libucrt:commit.obj
 0002:0000ada4       $unwind$_write_nolock      000000018002bda4     libucrt:write.obj
 0002:0000adbc       $unwind$_write_internal    000000018002bdbc     libucrt:write.obj
 0002:0000adec       $unwind$?write_double_translated_ansi_nolock@@YA?AUwrite_result@?A0x17268360@@HQEBDIAEAV__crt_cached_ptd_host@@@Z 000000018002bdec     libucrt:write.obj
 0002:0000ae18       $ip2state$?write_double_translated_ansi_nolock@@YA?AUwrite_result@?A0x17268360@@HQEBDIAEAV__crt_cached_ptd_host@@@Z 000000018002be18     libucrt:write.obj
 0002:0000ae20       $unwind$?write_text_ansi_nolock@@YA?AUwrite_result@?A0x17268360@@HQEBDI@Z 000000018002be20     libucrt:write.obj
 0002:0000ae20       $unwind$?write_text_utf16le_nolock@@YA?AUwrite_result@?A0x17268360@@HQEBDI@Z 000000018002be20     libucrt:write.obj
 0002:0000ae40       $unwind$?write_text_utf8_nolock@@YA?AUwrite_result@?A0x17268360@@HQEBDI@Z 000000018002be40     libucrt:write.obj
 0002:0000ae64       $unwind$_fcloseall         000000018002be64     libucrt:closeall.obj
 0002:0000ae88       $unwind$__acrt_fp_strflt_to_string 000000018002be88     libucrt:_fptostr.obj
 0002:0000aea4       $unwind$__acrt_fltout      000000018002bea4     libucrt:cfout.obj
 0002:0000aec4       $unwind$?divide@__crt_strtox@@YA_KAEAUbig_integer@1@AEBU21@@Z 000000018002bec4     libucrt:cfout.obj
 0002:0000aedc       $chain$0$?divide@__crt_strtox@@YA_KAEAUbig_integer@1@AEBU21@@Z 000000018002bedc     libucrt:cfout.obj
 0002:0000aef0       $chain$1$?divide@__crt_strtox@@YA_KAEAUbig_integer@1@AEBU21@@Z 000000018002bef0     libucrt:cfout.obj
 0002:0000af00       $unwind$?__mbsrtowcs_utf8@__crt_mbstring@@YA_KPEA_WPEAPEBD_KPEAU_Mbstatet@@AEAV__crt_cached_ptd_host@@@Z 000000018002bf00     libucrt:mbrtowc.obj
 0002:0000af18       $unwind$__acrt_locale_free_monetary 000000018002bf18     libucrt:initmon.obj
 0002:0000af20       $unwind$__acrt_locale_free_time 000000018002bf20     libucrt:inittime.obj
 0002:0000af30       $unwind$_putwch_nolock     000000018002bf30     libucrt:putwch.obj
 0002:0000af38       $unwind$?_fclose_nolock_internal@@YAHQEAU_iobuf@@AEAV__crt_cached_ptd_host@@@Z 000000018002bf38     libucrt:fclose.obj
 0002:0000af48       $unwind$?_fclose_internal@@YAHQEAU_iobuf@@AEAV__crt_cached_ptd_host@@@Z 000000018002bf48     libucrt:fclose.obj
 0002:0000af70       $xdatasym                  000000018002bf70     libucrt:log10.obj
 0002:0000af7c       $unwind$__acrt_fenv_set_control 000000018002bf7c     libucrt:_fenvutils.obj
 0002:0000af8c       $unwind$?__mbrtoc32_utf8@__crt_mbstring@@YA_KPEA_UPEBD_KPEAU_Mbstatet@@AEAV__crt_cached_ptd_host@@@Z 000000018002bf8c     libucrt:mbrtoc32.obj
 0002:0000afa8       $unwind$_close_internal    000000018002bfa8     libucrt:close.obj
 0002:0000afb0       $unwind$??$?RV<lambda_ad8af0d99a0adf03d037d7dffe354bb5>@@AEAV<lambda_c9ba49e555ba839a7b07aa3fbecb7617>@@V<lambda_2f1ebd5d68526518146ae959c9e734c8>@@@?$__crt_seh_guarded_call@H@@QEAAH$$QEAV<lambda_ad8af0d99a0adf03d037d7dffe354bb5>@@AEAV<lambda_c9ba49e555ba839a7b07aa3fbecb7617>@@$$QEAV<lambda_2f1ebd5d68526518146ae959c9e734c8>@@@Z 000000018002bfb0     libucrt:close.obj
 0002:0000afd4       $unwind$common_control87   000000018002bfd4     libucrt:ieee.obj
 0002:0000b000       $unwind$_call_matherr      000000018002c000     libucrt:libm_error.obj
 0002:0000b008       $unwind$_handle_error      000000018002c008     libucrt:libm_error.obj
 0002:0000b028       $unwind$__acrt_initialize_fma3 000000018002c028     libucrt:fma3_available.obj
 0002:0000b030       $unwind$_log_special_common 000000018002c030     libucrt:log_special.obj
 0002:0000b040       $xdatasym                  000000018002c040     libucrt:fpsr.obj
 0002:0000b048       $unwind$_raise_exc_ex      000000018002c048     libucrt:fpexcept.obj
 0002:0000b05c       $unwind$_ctrlfp            000000018002c05c     libucrt:fpctrl.obj
 0002:0000b084       $unwind$_IsNonwritableInCurrentImage 000000018002c084     LIBCMT:pesect.obj
 0002:0000b0a8       $unwind$__GSHandlerCheckCommon 000000018002c0a8     LIBCMT:gshandler.obj
 0002:0000b0b0       $xdatasym                  000000018002c0b0     LIBCMT:amdsecgs.obj
 0002:0000b0b4       $unwind$__report_securityfailure 000000018002c0b4     LIBCMT:gs_report.obj
 0002:0000b0bc       $unwind$__report_gsfailure 000000018002c0bc     LIBCMT:gs_report.obj
 0002:0000b0c4       $unwind$capture_current_context 000000018002c0c4     LIBCMT:gs_report.obj
 0002:0000b0d0       $unwind$capture_previous_context 000000018002c0d0     LIBCMT:gs_report.obj
 0002:0000b0e0       $xdatasym                  000000018002c0e0     LIBCMT:chkstk.obj
 0002:0000b0e8       $unwind$strrchr            000000018002c0e8     libvcruntime:strrchr.obj
 0002:0000b0f0       $xdatasym                  000000018002c0f0     libvcruntime:memcmp.obj
 0002:0000b610       .edata                     000000018002c610     PhysXCooking_64.exp
 0002:0000b638       rgpv                       000000018002c638     PhysXCooking_64.exp
 0002:0000b720       rgszName                   000000018002c720     PhysXCooking_64.exp
 0002:0000b808       rgwOrd                     000000018002c808     PhysXCooking_64.exp
 0002:0000b87c       szName                     000000018002c87c     PhysXCooking_64.exp
 0002:0000b890       $N00001                    000000018002c890     PhysXCooking_64.exp
 0002:0000b8b4       $N00002                    000000018002c8b4     PhysXCooking_64.exp
 0002:0000b8e3       $N00003                    000000018002c8e3     PhysXCooking_64.exp
 0002:0000b90a       $N00004                    000000018002c90a     PhysXCooking_64.exp
 0002:0000b961       $N00005                    000000018002c961     PhysXCooking_64.exp
 0002:0000b98c       $N00006                    000000018002c98c     PhysXCooking_64.exp
 0002:0000b9b2       $N00007                    000000018002c9b2     PhysXCooking_64.exp
 0002:0000b9d1       $N00008                    000000018002c9d1     PhysXCooking_64.exp
 0002:0000b9f5       $N00009                    000000018002c9f5     PhysXCooking_64.exp
 0002:0000ba1c       $N00010                    000000018002ca1c     PhysXCooking_64.exp
 0002:0000ba45       $N00011                    000000018002ca45     PhysXCooking_64.exp
 0002:0000ba64       $N00012                    000000018002ca64     PhysXCooking_64.exp
 0002:0000ba97       $N00013                    000000018002ca97     PhysXCooking_64.exp
 0002:0000bacd       $N00014                    000000018002cacd     PhysXCooking_64.exp
 0002:0000bb05       $N00015                    000000018002cb05     PhysXCooking_64.exp
 0002:0000bb37       $N00016                    000000018002cb37     PhysXCooking_64.exp
 0002:0000bb63       $N00017                    000000018002cb63     PhysXCooking_64.exp
 0002:0000bb7f       $N00018                    000000018002cb7f     PhysXCooking_64.exp
 0002:0000bba9       $N00019                    000000018002cba9     PhysXCooking_64.exp
 0002:0000bbe5       $N00020                    000000018002cbe5     PhysXCooking_64.exp
 0002:0000bc20       $N00021                    000000018002cc20     PhysXCooking_64.exp
 0002:0000bc5b       $N00022                    000000018002cc5b     PhysXCooking_64.exp
 0002:0000bc90       $N00023                    000000018002cc90     PhysXCooking_64.exp
 0002:0000bccc       $N00024                    000000018002cccc     PhysXCooking_64.exp
 0002:0000bcff       $N00025                    000000018002ccff     PhysXCooking_64.exp
 0002:0000bd32       $N00026                    000000018002cd32     PhysXCooking_64.exp
 0002:0000bd6c       $N00027                    000000018002cd6c     PhysXCooking_64.exp
 0002:0000bda6       $N00028                    000000018002cda6     PhysXCooking_64.exp
 0002:0000bdd3       $N00029                    000000018002cdd3     PhysXCooking_64.exp
 0002:0000be06       $N00030                    000000018002ce06     PhysXCooking_64.exp
 0002:0000be34       $N00031                    000000018002ce34     PhysXCooking_64.exp
 0002:0000be61       $N00032                    000000018002ce61     PhysXCooking_64.exp
 0002:0000be9d       $N00033                    000000018002ce9d     PhysXCooking_64.exp
 0002:0000beda       $N00034                    000000018002ceda     PhysXCooking_64.exp
 0002:0000bf0a       $N00035                    000000018002cf0a     PhysXCooking_64.exp
 0002:0000bf21       $N00036                    000000018002cf21     PhysXCooking_64.exp
 0002:0000bf3c       $N00037                    000000018002cf3c     PhysXCooking_64.exp
 0002:0000bf53       $N00038                    000000018002cf53     PhysXCooking_64.exp
 0002:0000bf69       $N00039                    000000018002cf69     PhysXCooking_64.exp
 0002:0000bf80       $N00040                    000000018002cf80     PhysXCooking_64.exp
 0002:0000bf98       $N00041                    000000018002cf98     PhysXCooking_64.exp
 0002:0000bfa2       $N00042                    000000018002cfa2     PhysXCooking_64.exp
 0002:0000bfb3       $N00043                    000000018002cfb3     PhysXCooking_64.exp
 0002:0000bfc5       $N00044                    000000018002cfc5     PhysXCooking_64.exp
 0002:0000bfd8       $N00045                    000000018002cfd8     PhysXCooking_64.exp
 0002:0000bfee       $N00046                    000000018002cfee     PhysXCooking_64.exp
 0002:0000c001       $N00047                    000000018002d001     PhysXCooking_64.exp
 0002:0000c00d       $N00048                    000000018002d00d     PhysXCooking_64.exp
 0002:0000c021       $N00049                    000000018002d021     PhysXCooking_64.exp
 0002:0000c034       $N00050                    000000018002d034     PhysXCooking_64.exp
 0002:0000c048       $N00051                    000000018002d048     PhysXCooking_64.exp
 0002:0000c05d       $N00052                    000000018002d05d     PhysXCooking_64.exp
 0002:0000c075       $N00053                    000000018002d075     PhysXCooking_64.exp
 0002:0000c08a       $N00054                    000000018002d08a     PhysXCooking_64.exp
 0002:0000c0a7       $N00055                    000000018002d0a7     PhysXCooking_64.exp
 0002:0000c0c8       $N00056                    000000018002d0c8     PhysXCooking_64.exp
 0002:0000c0e7       $N00057                    000000018002d0e7     PhysXCooking_64.exp
 0002:0000c0fc       $N00058                    000000018002d0fc     PhysXCooking_64.exp
 0002:0000c3d0       .idata$6                   000000018002d3d0     kernel32:KERNEL32.dll
 0003:00000040       ?prefix@?1??getDimension@UnDecorator@@CA?AVDName@@_N@Z@4UStringLiteral@@A 000000018002e040     libvcruntime:undname.obj
 0003:00000050       ?__vcrt_flsindex@@3KA      000000018002e050     libvcruntime:per_thread_data.obj
 0003:00000070       ?__acrt_flsindex@@3KA      000000018002e070     libucrt:per_thread_data.obj
 0003:00000074       ?errno_no_memory@@3HA      000000018002e074     libucrt:errno.obj
 0003:00000078       ?doserrno_no_memory@@3KA   000000018002e078     libucrt:errno.obj
 0003:000002b0       _mbctypes                  000000018002e2b0     libucrt:mbctype.obj
 0003:000003c0       _mbcasemaps                000000018002e3c0     libucrt:mbctype.obj
 0003:000004c0       ?__rgctypeflag@@3PADA      000000018002e4c0     libucrt:mbctype.obj
 0003:000004d0       ?__rgcode_page_info@@3PAUcode_page_info@@A 000000018002e4d0     libucrt:mbctype.obj
 0003:000009e0       ?__dcrt_lowio_console_output_handle@@3PEAXEA 000000018002e9e0     libucrt:initcon.obj
 0003:000009e8       ?dazSupported@?1??common_control87@@9@9 000000018002e9e8     libucrt:ieee.obj
 0003:000009f0       ?dazSupported@?1??_ctrlfp@@9@9 000000018002e9f0     libucrt:fpctrl.obj
 0003:00000cb0       ?maxV3Error@vecMathTests@aos@physx@@3T__m128@@B 000000018002ecb0     Cooking.obj
 0003:00000cc0       ?minFError@vecMathTests@aos@physx@@3T__m128@@B 000000018002ecc0     Cooking.obj
 0003:00000cd0       ?maxV4Error@vecMathTests@aos@physx@@3T__m128@@B 000000018002ecd0     Cooking.obj
 0003:00000ce0       ?minV4Error@vecMathTests@aos@physx@@3T__m128@@B 000000018002ece0     Cooking.obj
 0003:00000cf0       ?minV3Error@vecMathTests@aos@physx@@3T__m128@@B 000000018002ecf0     Cooking.obj
 0003:00000d00       ?maxFError@vecMathTests@aos@physx@@3T__m128@@B 000000018002ed00     Cooking.obj
 0003:00000d10       ?gCookingDelayLoadHook@@3PEBVPxDelayLoadHook@physx@@EB 000000018002ed10     WindowsCookingDelayLoadHook.obj
 0003:00000d70       ?__proc_attached@@3HA      000000018002ed70     LIBCMT:dll_dllmain.obj
 0003:00000d98       ?is_initialized_as_dll@@3_NA 000000018002ed98     LIBCMT:utility.obj
 0003:00000d99       ?module_local_atexit_table_initialized@@3_NA 000000018002ed99     LIBCMT:utility.obj
 0003:00000da0       ?module_local_atexit_table@@3U_onexit_table_t@@A 000000018002eda0     LIBCMT:utility.obj
 0003:00000db8       ?module_local_at_quick_exit_table@@3U_onexit_table_t@@A 000000018002edb8     LIBCMT:utility.obj
 0003:00000e28       ?heap@@3V_HeapManager@@A   000000018002ee28     libvcruntime:undname.obj
 0003:00000e50       ?__vcrt_startup_thread_ptd@@3U__vcrt_ptd@@A 000000018002ee50     libvcruntime:per_thread_data.obj
 0003:00000ed0       __vcrt_lock_table          000000018002eed0     libvcruntime:locks.obj
 0003:00000ef8       __vcrt_locks_initialized   000000018002eef8     libvcruntime:locks.obj
 0003:00000f00       ?module_handles@@3PAPEAUHINSTANCE__@@A 000000018002ef00     libvcruntime:winapi_downlevel.obj
 0003:00000f18       ?function_pointers@@3PAPEAXA 000000018002ef18     libvcruntime:winapi_downlevel.obj
 0003:00000f40       ?c_termination_complete@@3JA 000000018002ef40     libucrt:exit.obj
 0003:00000f48       ?thread_local_exit_callback_func@@3P6AXPEAXK0@ZEA 000000018002ef48     libucrt:exit.obj
 0003:00000f60       ?program_name@?1???$common_configure_argv@D@@YAHW4_crt_argv_mode@@@Z@4PADA 000000018002ef60     libucrt:argv_parsing.obj
 0003:000010c0       ?__acrt_lock_table@@3PAU_RTL_CRITICAL_SECTION@@A 000000018002f0c0     libucrt:locks.obj
 0003:000012f0       ?__acrt_locks_initialized@@3IA 000000018002f2f0     libucrt:locks.obj
 0003:000012f8       ?__acrt_invalid_parameter_handler@@3V?$dual_state_global@P6AXPEB_W00I_K@Z@__crt_state_management@@A 000000018002f2f8     libucrt:invalid_parameter.obj
 0003:00001318       ?fSystemSet@@3HA           000000018002f318     libucrt:mbctype.obj
 0003:0000131c       ?initialized@?1??__acrt_initialize_multibyte@@9@4_NA 000000018002f31c     libucrt:mbctype.obj
 0003:00001350       ?module_handles@@3PAPEAUHINSTANCE__@@A 000000018002f350     libucrt:winapi_thunks.obj
 0003:000013f0       ?encoded_function_pointers@@3PAPEAXA 000000018002f3f0     libucrt:winapi_thunks.obj
 0003:000018f8       ?__acrt_new_handler@@3V?$dual_state_global@P6AH_K@Z@__crt_state_management@@A 000000018002f8f8     libucrt:new_handler.obj
 0003:00001900       ?ctrlc_action@@3V?$dual_state_global@P6AXH@Z@__crt_state_management@@A 000000018002f900     libucrt:signal.obj
 0003:00001908       ?ctrlbreak_action@@3V?$dual_state_global@P6AXH@Z@__crt_state_management@@A 000000018002f908     libucrt:signal.obj
 0003:00001910       ?abort_action@@3V?$dual_state_global@P6AXH@Z@__crt_state_management@@A 000000018002f910     libucrt:signal.obj
 0003:00001918       ?term_action@@3V?$dual_state_global@P6AXH@Z@__crt_state_management@@A 000000018002f918     libucrt:signal.obj
 0003:00001920       ?user_matherr@@3V?$dual_state_global@P6AHPEAU_exception@@@Z@__crt_state_management@@A 000000018002f920     libucrt:matherr.obj
 0003:00001950       ?internal_state@?1??_mbtowc_internal@@9@4U_Mbstatet@@A 000000018002f950     libucrt:mbtowc.obj
 0003:00001958       ?enable_percent_n@@3_KA    000000018002f958     libucrt:printf_count_output.obj
 0003:00001964       ?__acrt_global_new_mode@@3V?$dual_state_global@J@__crt_state_management@@A 000000018002f964     libucrt:new_mode.obj
 0003:00001970       ?__acrt_app_type@@3W4_crt_app_type@@A 000000018002f970     libucrt:report_runtime_error.obj
 0003:00001978       ?internal_pst@?1??__mbrtoc32_utf8@__crt_mbstring@@YA_KPEA_UPEBD_KPEAU_Mbstatet@@AEAV__crt_cached_ptd_host@@@Z@4U3@A 000000018002f978     libucrt:mbrtoc32.obj
 0003:00001990       GS_ExceptionRecord         000000018002f990     LIBCMT:gs_report.obj
 0003:00001a30       GS_ContextRecord           000000018002fa30     LIBCMT:gs_report.obj
 0005:00000000       SetSmall                   0000000180032000     libvcruntime:memset.obj
 0005:00000040       SetSmallYmm                0000000180032040     libvcruntime:memset.obj
 0005:00000064       SetSmallYmmNT              0000000180032064     libvcruntime:memset.obj
 0005:00000088       SetSmallXmm                0000000180032088     libvcruntime:memset.obj
 0005:000000b0       MoveSmall                  00000001800320b0     libvcruntime:memcpy.obj
 0005:000000f0       MoveSmallYmm               00000001800320f0     libvcruntime:memcpy.obj
 0005:00000114       MoveSmallYmmNT             0000000180032114     libvcruntime:memcpy.obj
 0005:00000138       MoveSmallXmm               0000000180032138     libvcruntime:memcpy.obj
 0006:000000a0       $R000000                   00000001800330a0     PhysXCooking.res
 0006:000003d0       $R000330                   00000001800333d0     PhysXCooking.res
